Archive member included to satisfy reference by file (symbol)

C:/ST/STM32CubeIDE_1.18.0/STM32CubeIDE/plugins/com.st.stm32cube.ide.mcu.externaltools.gnu-tools-for-stm32.13.3.rel1.win32_1.0.0.202411081344/tools/bin/../lib/gcc/arm-none-eabi/13.3.1/../../../../arm-none-eabi/lib/thumb/v7e-m+fp/hard\libc_nano.a(libc_a-exit.o)
                              C:/ST/STM32CubeIDE_1.18.0/STM32CubeIDE/plugins/com.st.stm32cube.ide.mcu.externaltools.gnu-tools-for-stm32.13.3.rel1.win32_1.0.0.202411081344/tools/bin/../lib/gcc/arm-none-eabi/13.3.1/../../../../arm-none-eabi/lib/thumb/v7e-m+fp/hard/crt0.o (exit)
C:/ST/STM32CubeIDE_1.18.0/STM32CubeIDE/plugins/com.st.stm32cube.ide.mcu.externaltools.gnu-tools-for-stm32.13.3.rel1.win32_1.0.0.202411081344/tools/bin/../lib/gcc/arm-none-eabi/13.3.1/../../../../arm-none-eabi/lib/thumb/v7e-m+fp/hard\libc_nano.a(libc_a-findfp.o)
                              C:/ST/STM32CubeIDE_1.18.0/STM32CubeIDE/plugins/com.st.stm32cube.ide.mcu.externaltools.gnu-tools-for-stm32.13.3.rel1.win32_1.0.0.202411081344/tools/bin/../lib/gcc/arm-none-eabi/13.3.1/../../../../arm-none-eabi/lib/thumb/v7e-m+fp/hard\libc_nano.a(libc_a-exit.o) (__stdio_exit_handler)
C:/ST/STM32CubeIDE_1.18.0/STM32CubeIDE/plugins/com.st.stm32cube.ide.mcu.externaltools.gnu-tools-for-stm32.13.3.rel1.win32_1.0.0.202411081344/tools/bin/../lib/gcc/arm-none-eabi/13.3.1/../../../../arm-none-eabi/lib/thumb/v7e-m+fp/hard\libc_nano.a(libc_a-fwalk.o)
                              C:/ST/STM32CubeIDE_1.18.0/STM32CubeIDE/plugins/com.st.stm32cube.ide.mcu.externaltools.gnu-tools-for-stm32.13.3.rel1.win32_1.0.0.202411081344/tools/bin/../lib/gcc/arm-none-eabi/13.3.1/../../../../arm-none-eabi/lib/thumb/v7e-m+fp/hard\libc_nano.a(libc_a-findfp.o) (_fwalk_sglue)
C:/ST/STM32CubeIDE_1.18.0/STM32CubeIDE/plugins/com.st.stm32cube.ide.mcu.externaltools.gnu-tools-for-stm32.13.3.rel1.win32_1.0.0.202411081344/tools/bin/../lib/gcc/arm-none-eabi/13.3.1/../../../../arm-none-eabi/lib/thumb/v7e-m+fp/hard\libc_nano.a(libc_a-printf.o)
                              ./Core/Src/main.o (printf)
C:/ST/STM32CubeIDE_1.18.0/STM32CubeIDE/plugins/com.st.stm32cube.ide.mcu.externaltools.gnu-tools-for-stm32.13.3.rel1.win32_1.0.0.202411081344/tools/bin/../lib/gcc/arm-none-eabi/13.3.1/../../../../arm-none-eabi/lib/thumb/v7e-m+fp/hard\libc_nano.a(libc_a-stdio.o)
                              C:/ST/STM32CubeIDE_1.18.0/STM32CubeIDE/plugins/com.st.stm32cube.ide.mcu.externaltools.gnu-tools-for-stm32.13.3.rel1.win32_1.0.0.202411081344/tools/bin/../lib/gcc/arm-none-eabi/13.3.1/../../../../arm-none-eabi/lib/thumb/v7e-m+fp/hard\libc_nano.a(libc_a-findfp.o) (__sread)
C:/ST/STM32CubeIDE_1.18.0/STM32CubeIDE/plugins/com.st.stm32cube.ide.mcu.externaltools.gnu-tools-for-stm32.13.3.rel1.win32_1.0.0.202411081344/tools/bin/../lib/gcc/arm-none-eabi/13.3.1/../../../../arm-none-eabi/lib/thumb/v7e-m+fp/hard\libc_nano.a(libc_a-memset.o)
                              C:/ST/STM32CubeIDE_1.18.0/STM32CubeIDE/plugins/com.st.stm32cube.ide.mcu.externaltools.gnu-tools-for-stm32.13.3.rel1.win32_1.0.0.202411081344/tools/bin/../lib/gcc/arm-none-eabi/13.3.1/../../../../arm-none-eabi/lib/thumb/v7e-m+fp/hard/crt0.o (memset)
C:/ST/STM32CubeIDE_1.18.0/STM32CubeIDE/plugins/com.st.stm32cube.ide.mcu.externaltools.gnu-tools-for-stm32.13.3.rel1.win32_1.0.0.202411081344/tools/bin/../lib/gcc/arm-none-eabi/13.3.1/../../../../arm-none-eabi/lib/thumb/v7e-m+fp/hard\libc_nano.a(libc_a-closer.o)
                              C:/ST/STM32CubeIDE_1.18.0/STM32CubeIDE/plugins/com.st.stm32cube.ide.mcu.externaltools.gnu-tools-for-stm32.13.3.rel1.win32_1.0.0.202411081344/tools/bin/../lib/gcc/arm-none-eabi/13.3.1/../../../../arm-none-eabi/lib/thumb/v7e-m+fp/hard\libc_nano.a(libc_a-stdio.o) (_close_r)
C:/ST/STM32CubeIDE_1.18.0/STM32CubeIDE/plugins/com.st.stm32cube.ide.mcu.externaltools.gnu-tools-for-stm32.13.3.rel1.win32_1.0.0.202411081344/tools/bin/../lib/gcc/arm-none-eabi/13.3.1/../../../../arm-none-eabi/lib/thumb/v7e-m+fp/hard\libc_nano.a(libc_a-reent.o)
                              C:/ST/STM32CubeIDE_1.18.0/STM32CubeIDE/plugins/com.st.stm32cube.ide.mcu.externaltools.gnu-tools-for-stm32.13.3.rel1.win32_1.0.0.202411081344/tools/bin/../lib/gcc/arm-none-eabi/13.3.1/../../../../arm-none-eabi/lib/thumb/v7e-m+fp/hard\libc_nano.a(libc_a-closer.o) (errno)
C:/ST/STM32CubeIDE_1.18.0/STM32CubeIDE/plugins/com.st.stm32cube.ide.mcu.externaltools.gnu-tools-for-stm32.13.3.rel1.win32_1.0.0.202411081344/tools/bin/../lib/gcc/arm-none-eabi/13.3.1/../../../../arm-none-eabi/lib/thumb/v7e-m+fp/hard\libc_nano.a(libc_a-impure.o)
                              C:/ST/STM32CubeIDE_1.18.0/STM32CubeIDE/plugins/com.st.stm32cube.ide.mcu.externaltools.gnu-tools-for-stm32.13.3.rel1.win32_1.0.0.202411081344/tools/bin/../lib/gcc/arm-none-eabi/13.3.1/../../../../arm-none-eabi/lib/thumb/v7e-m+fp/hard\libc_nano.a(libc_a-printf.o) (_impure_ptr)
[...]
Memory Configuration

Name             Origin             Length             Attributes
RAM              0x20000000         0x00020000         xrw
FLASH            0x08000000         0x00080000         xr
*default*        0x00000000         0xffffffff

Linker script and memory map

LOAD C:/ST/STM32CubeIDE_1.18.0/STM32CubeIDE/plugins/com.st.stm32cube.ide.mcu.externaltools.gnu-tools-for-stm32.13.3.rel1.win32_1.0.0.202411081344/tools/bin/../lib/gcc/arm-none-eabi/13.3.1/thumb/v7e-m+fp/hard/crti.o
LOAD C:/ST/STM32CubeIDE_1.18.0/STM32CubeIDE/plugins/com.st.stm32cube.ide.mcu.externaltools.gnu-tools-for-stm32.13.3.rel1.win32_1.0.0.202411081344/tools/bin/../lib/gcc/arm-none-eabi/13.3.1/thumb/v7e-m+fp/hard/crtbegin.o
LOAD C:/ST/STM32CubeIDE_1.18.0/STM32CubeIDE/plugins/com.st.stm32cube.ide.mcu.externaltools.gnu-tools-for-stm32.13.3.rel1.win32_1.0.0.202411081344/tools/bin/../lib/gcc/arm-none-eabi/13.3.1/../../../../arm-none-eabi/lib/thumb/v7e-m+fp/hard/crt0.o
LOAD ./Core/Src/it.o
LOAD ./Core/Src/main.o
LOAD ./Core/Src/msp.o
LOAD ./Core/Src/syscalls.o
LOAD ./Core/Src/sysmem.o
LOAD ./Core/Src/system_stm32f4xx.o
LOAD ./Core/Startup/startup_stm32f411ceux.o
LOAD ./Drivers/STM32F4xx_HAL_Driver/Src/stm32f4xx_hal.o
LOAD ./Drivers/STM32F4xx_HAL_Driver/Src/stm32f4xx_hal_adc.o
LOAD ./Drivers/STM32F4xx_HAL_Driver/Src/stm32f4xx_hal_adc_ex.o
LOAD ./Drivers/STM32F4xx_HAL_Driver/Src/stm32f4xx_hal_cortex.o
LOAD ./Drivers/STM32F4xx_HAL_Driver/Src/stm32f4xx_hal_dma.o
LOAD ./Drivers/STM32F4xx_HAL_Driver/Src/stm32f4xx_hal_dma_ex.o
LOAD ./Drivers/STM32F4xx_HAL_Driver/Src/stm32f4xx_hal_exti.o
LOAD ./Drivers/STM32F4xx_HAL_Driver/Src/stm32f4xx_hal_flash.o
LOAD ./Drivers/STM32F4xx_HAL_Driver/Src/stm32f4xx_hal_flash_ex.o
LOAD ./Drivers/STM32F4xx_HAL_Driver/Src/stm32f4xx_hal_flash_ramfunc.o
LOAD ./Drivers/STM32F4xx_HAL_Driver/Src/stm32f4xx_hal_gpio.o
LOAD ./Drivers/STM32F4xx_HAL_Driver/Src/stm32f4xx_hal_pwr.o
LOAD ./Drivers/STM32F4xx_HAL_Driver/Src/stm32f4xx_hal_pwr_ex.o
LOAD ./Drivers/STM32F4xx_HAL_Driver/Src/stm32f4xx_hal_rcc.o
LOAD ./Drivers/STM32F4xx_HAL_Driver/Src/stm32f4xx_hal_rcc_ex.o
LOAD ./Drivers/STM32F4xx_HAL_Driver/Src/stm32f4xx_ll_adc.o
LOAD ./FreeRTOSv2024/croutine.o
LOAD ./FreeRTOSv2024/list.o
LOAD ./FreeRTOSv2024/queue.o
LOAD ./FreeRTOSv2024/stream_buffer.o
LOAD ./FreeRTOSv2024/tasks.o
LOAD ./FreeRTOSv2024/timers.o
LOAD ./FreeRTOSv2024/portable/GCC/ARM_CM4F/port.o
LOAD ./FreeRTOSv2024/portable/MemMang/heap_4.o
START GROUP
LOAD C:/ST/STM32CubeIDE_1.18.0/STM32CubeIDE/plugins/com.st.stm32cube.ide.mcu.externaltools.gnu-tools-for-stm32.13.3.rel1.win32_1.0.0.202411081344/tools/bin/../lib/gcc/arm-none-eabi/13.3.1/../../../../arm-none-eabi/lib/thumb/v7e-m+fp/hard\libc_nano.a
LOAD C:/ST/STM32CubeIDE_1.18.0/STM32CubeIDE/plugins/com.st.stm32cube.ide.mcu.externaltools.gnu-tools-for-stm32.13.3.rel1.win32_1.0.0.202411081344/tools/bin/../lib/gcc/arm-none-eabi/13.3.1/../../../../arm-none-eabi/lib/thumb/v7e-m+fp/hard\libm.a
END GROUP
START GROUP
LOAD C:/ST/STM32CubeIDE_1.18.0/STM32CubeIDE/plugins/com.st.stm32cube.ide.mcu.externaltools.gnu-tools-for-stm32.13.3.rel1.win32_1.0.0.202411081344/tools/bin/../lib/gcc/arm-none-eabi/13.3.1/thumb/v7e-m+fp/hard\libgcc.a
LOAD C:/ST/STM32CubeIDE_1.18.0/STM32CubeIDE/plugins/com.st.stm32cube.ide.mcu.externaltools.gnu-tools-for-stm32.13.3.rel1.win32_1.0.0.202411081344/tools/bin/../lib/gcc/arm-none-eabi/13.3.1/../../../../arm-none-eabi/lib/thumb/v7e-m+fp/hard\libc_nano.a
END GROUP
START GROUP
LOAD C:/ST/STM32CubeIDE_1.18.0/STM32CubeIDE/plugins/com.st.stm32cube.ide.mcu.externaltools.gnu-tools-for-stm32.13.3.rel1.win32_1.0.0.202411081344/tools/bin/../lib/gcc/arm-none-eabi/13.3.1/thumb/v7e-m+fp/hard\libgcc.a
LOAD C:/ST/STM32CubeIDE_1.18.0/STM32CubeIDE/plugins/com.st.stm32cube.ide.mcu.externaltools.gnu-tools-for-stm32.13.3.rel1.win32_1.0.0.202411081344/tools/bin/../lib/gcc/arm-none-eabi/13.3.1/../../../../arm-none-eabi/lib/thumb/v7e-m+fp/hard\libc_nano.a
LOAD C:/ST/STM32CubeIDE_1.18.0/STM32CubeIDE/plugins/com.st.stm32cube.ide.mcu.externaltools.gnu-tools-for-stm32.13.3.rel1.win32_1.0.0.202411081344/tools/bin/../lib/gcc/arm-none-eabi/13.3.1/../../../../arm-none-eabi/lib/thumb/v7e-m+fp/hard\libnosys.a
END GROUP
START GROUP
LOAD C:/ST/STM32CubeIDE_1.18.0/STM32CubeIDE/plugins/com.st.stm32cube.ide.mcu.externaltools.gnu-tools-for-stm32.13.3.rel1.win32_1.0.0.202411081344/tools/bin/../lib/gcc/arm-none-eabi/13.3.1/thumb/v7e-m+fp/hard\libgcc.a
LOAD C:/ST/STM32CubeIDE_1.18.0/STM32CubeIDE/plugins/com.st.stm32cube.ide.mcu.externaltools.gnu-tools-for-stm32.13.3.rel1.win32_1.0.0.202411081344/tools/bin/../lib/gcc/arm-none-eabi/13.3.1/../../../../arm-none-eabi/lib/thumb/v7e-m+fp/hard\libc_nano.a
LOAD C:/ST/STM32CubeIDE_1.18.0/STM32CubeIDE/plugins/com.st.stm32cube.ide.mcu.externaltools.gnu-tools-for-stm32.13.3.rel1.win32_1.0.0.202411081344/tools/bin/../lib/gcc/arm-none-eabi/13.3.1/../../../../arm-none-eabi/lib/thumb/v7e-m+fp/hard\libnosys.a
END GROUP
LOAD C:/ST/STM32CubeIDE_1.18.0/STM32CubeIDE/plugins/com.st.stm32cube.ide.mcu.externaltools.gnu-tools-for-stm32.13.3.rel1.win32_1.0.0.202411081344/tools/bin/../lib/gcc/arm-none-eabi/13.3.1/thumb/v7e-m+fp/hard/crtend.o
LOAD C:/ST/STM32CubeIDE_1.18.0/STM32CubeIDE/plugins/com.st.stm32cube.ide.mcu.externaltools.gnu-tools-for-stm32.13.3.rel1.win32_1.0.0.202411081344/tools/bin/../lib/gcc/arm-none-eabi/13.3.1/thumb/v7e-m+fp/hard/crtn.o
                0x20020000                        _estack = (ORIGIN (RAM) + LENGTH (RAM))
                0x00000200                        _Min_Heap_Size = 0x200
                0x00000400                        _Min_Stack_Size = 0x400

.isr_vector     0x08000000      0x198
                0x08000000                        . = ALIGN (0x4)
 *(.isr_vector)
 .isr_vector    0x08000000      0x198 ./Core/Startup/startup_stm32f411ceux.o
                0x08000000                g_pfnVectors
                0x08000198                        . = ALIGN (0x4)

.text           0x080001a0     0x4c64
                0x080001a0                        . = ALIGN (0x4)
 *(.text)
 .text          0x080001a0       0x40 C:/ST/STM32CubeIDE_1.18.0/STM32CubeIDE/plugins/com.st.stm32cube.ide.mcu.externaltools.gnu-tools-for-stm32.13.3.rel1.win32_1.0.0.202411081344/tools/bin/../lib/gcc/arm-none-eabi/13.3.1/thumb/v7e-m+fp/hard/crtbegin.o
 .text          0x080001e0       0xa0 C:/ST/STM32CubeIDE_1.18.0/STM32CubeIDE/plugins/com.st.stm32cube.ide.mcu.externaltools.gnu-tools-for-stm32.13.3.rel1.win32_1.0.0.202411081344/tools/bin/../lib/gcc/arm-none-eabi/13.3.1/../../../../arm-none-eabi/lib/thumb/v7e-m+fp/hard\libc_nano.a(libc_a-memchr.o)
                0x080001e0                memchr
 *(.text*)
 .text.main     0x08000280      0x120 ./Core/Src/main.o
                0x08000280                main
 .text.Error_Handler
                0x080003a0        0x8 ./Core/Src/main.o
                0x080003a0                Error_Handler
 .text.GpioSwoInit
                0x080003a8       0x50 ./Core/Src/main.o
                0x080003a8                GpioSwoInit
 .text.AdcInit  0x080003f8       0xa4 ./Core/Src/main.o
                0x080003f8                AdcInit
 .text.CapChargeTaskHandler
                0x0800049c       0x38 ./Core/Src/main.o
                0x0800049c                CapChargeTaskHandler
 .text.AdcReadTaskHandler
                0x080004d4       0x7c ./Core/Src/main.o
                0x080004d4                AdcReadTaskHandler
 .text.CapDischargeTaskHandler
                0x08000550       0x48 ./Core/Src/main.o
                0x08000550                CapDischargeTaskHandler
 .text.LcdPrintTaskHandler
                0x08000598       0x48 ./Core/Src/main.o
                0x08000598                LcdPrintTaskHandler
 .text.HAL_MspInit
                0x080005e0       0x50 ./Core/Src/msp.o
                0x080005e0                HAL_MspInit
 .text.ITM_SendChar
                0x08000630       0x50 ./Core/Src/syscalls.o
                0x08000630                ITM_SendChar
 .text._read    0x08000680       0x3a ./Core/Src/syscalls.o
                0x08000680                _read
 .text._write   0x080006ba       0x38 ./Core/Src/syscalls.o
                0x080006ba                _write
 .text._close   0x080006f2       0x18 ./Core/Src/syscalls.o
                0x080006f2                _close
 .text._fstat   0x0800070a       0x20 ./Core/Src/syscalls.o
                0x0800070a                _fstat
 .text._isatty  0x0800072a       0x16 ./Core/Src/syscalls.o
                0x0800072a                _isatty
 .text._lseek   0x08000740       0x1a ./Core/Src/syscalls.o
                0x08000740                _lseek
 *fill*         0x0800075a        0x2 
 .text._sbrk    0x0800075c       0x6c ./Core/Src/sysmem.o
                0x0800075c                _sbrk
 .text.SystemInit
                0x080007c8       0x24 ./Core/Src/system_stm32f4xx.o
                0x080007c8                SystemInit
 .text.Reset_Handler
                0x080007ec       0x50 ./Core/Startup/startup_stm32f411ceux.o
                0x080007ec                Reset_Handler
 .text.Default_Handler
                0x0800083c        0x2 ./Core/Startup/startup_stm32f411ceux.o
                0x0800083c                RTC_Alarm_IRQHandler
                0x0800083c                EXTI2_IRQHandler
                0x0800083c                DebugMon_Handler
                0x0800083c                SPI4_IRQHandler
                0x0800083c                TIM1_CC_IRQHandler
                0x0800083c                DMA2_Stream5_IRQHandler
                0x0800083c                HardFault_Handler
                0x0800083c                DMA1_Stream5_IRQHandler
                0x0800083c                PVD_IRQHandler
                0x0800083c                SDIO_IRQHandler
                0x0800083c                TAMP_STAMP_IRQHandler
                0x0800083c                NMI_Handler
                0x0800083c                EXTI3_IRQHandler
                0x0800083c                TIM1_UP_TIM10_IRQHandler
                0x0800083c                I2C3_ER_IRQHandler
                0x0800083c                EXTI0_IRQHandler
                0x0800083c                I2C2_EV_IRQHandler
                0x0800083c                DMA1_Stream2_IRQHandler
                0x0800083c                FPU_IRQHandler
                0x0800083c                UsageFault_Handler
                0x0800083c                DMA2_Stream2_IRQHandler
                0x0800083c                SPI1_IRQHandler
                0x0800083c                TIM1_BRK_TIM9_IRQHandler
                0x0800083c                DMA2_Stream3_IRQHandler
                0x0800083c                USART6_IRQHandler
                0x0800083c                DMA2_Stream0_IRQHandler
                0x0800083c                TIM4_IRQHandler
                0x0800083c                I2C1_EV_IRQHandler
                0x0800083c                DMA1_Stream6_IRQHandler
                0x0800083c                DMA1_Stream1_IRQHandler
                0x0800083c                TIM3_IRQHandler
                0x0800083c                RCC_IRQHandler
                0x0800083c                Default_Handler
                0x0800083c                EXTI15_10_IRQHandler
                0x0800083c                ADC_IRQHandler
                0x0800083c                DMA1_Stream7_IRQHandler
                0x0800083c                SPI5_IRQHandler
                0x0800083c                TIM5_IRQHandler
                0x0800083c                DMA2_Stream7_IRQHandler
                0x0800083c                I2C3_EV_IRQHandler
                0x0800083c                EXTI9_5_IRQHandler
                0x0800083c                RTC_WKUP_IRQHandler
                0x0800083c                SPI2_IRQHandler
                0x0800083c                MemManage_Handler
                0x0800083c                DMA1_Stream0_IRQHandler
                0x0800083c                EXTI4_IRQHandler
                0x0800083c                WWDG_IRQHandler
                0x0800083c                TIM2_IRQHandler
                0x0800083c                OTG_FS_WKUP_IRQHandler
                0x0800083c                TIM1_TRG_COM_TIM11_IRQHandler
                0x0800083c                EXTI1_IRQHandler
                0x0800083c                USART2_IRQHandler
                0x0800083c                I2C2_ER_IRQHandler
                0x0800083c                DMA2_Stream1_IRQHandler
                0x0800083c                FLASH_IRQHandler
                0x0800083c                DMA2_Stream4_IRQHandler
                0x0800083c                BusFault_Handler
                0x0800083c                USART1_IRQHandler
                0x0800083c                OTG_FS_IRQHandler
                0x0800083c                SPI3_IRQHandler
                0x0800083c                DMA1_Stream4_IRQHandler
                0x0800083c                I2C1_ER_IRQHandler
                0x0800083c                DMA2_Stream6_IRQHandler
                0x0800083c                DMA1_Stream3_IRQHandler
 *fill*         0x0800083e        0x2 
 .text.HAL_Init
                0x08000840       0x44 ./Drivers/STM32F4xx_HAL_Driver/Src/stm32f4xx_hal.o
                0x08000840                HAL_Init
 .text.HAL_InitTick
                0x08000884       0x60 ./Drivers/STM32F4xx_HAL_Driver/Src/stm32f4xx_hal.o
                0x08000884                HAL_InitTick
 .text.HAL_GetTick
                0x080008e4       0x18 ./Drivers/STM32F4xx_HAL_Driver/Src/stm32f4xx_hal.o
                0x080008e4                HAL_GetTick
 .text.HAL_ADC_Init
                0x080008fc       0x86 ./Drivers/STM32F4xx_HAL_Driver/Src/stm32f4xx_hal_adc.o
                0x080008fc                HAL_ADC_Init
 .text.HAL_ADC_MspInit
                0x08000982       0x14 ./Drivers/STM32F4xx_HAL_Driver/Src/stm32f4xx_hal_adc.o
                0x08000982                HAL_ADC_MspInit
 *fill*         0x08000996        0x2 
 .text.HAL_ADC_Start
                0x08000998      0x168 ./Drivers/STM32F4xx_HAL_Driver/Src/stm32f4xx_hal_adc.o
                0x08000998                HAL_ADC_Start
 .text.HAL_ADC_Stop
                0x08000b00       0x66 ./Drivers/STM32F4xx_HAL_Driver/Src/stm32f4xx_hal_adc.o
                0x08000b00                HAL_ADC_Stop
 .text.HAL_ADC_PollForConversion
                0x08000b66      0x116 ./Drivers/STM32F4xx_HAL_Driver/Src/stm32f4xx_hal_adc.o
                0x08000b66                HAL_ADC_PollForConversion
 .text.HAL_ADC_GetValue
                0x08000c7c       0x1a ./Drivers/STM32F4xx_HAL_Driver/Src/stm32f4xx_hal_adc.o
                0x08000c7c                HAL_ADC_GetValue
 *fill*         0x08000c96        0x2 
 .text.HAL_ADC_ConfigChannel
                0x08000c98      0x264 ./Drivers/STM32F4xx_HAL_Driver/Src/stm32f4xx_hal_adc.o
                0x08000c98                HAL_ADC_ConfigChannel
 .text.ADC_Init
                0x08000efc      0x1f8 ./Drivers/STM32F4xx_HAL_Driver/Src/stm32f4xx_hal_adc.o
 .text.__NVIC_SetPriorityGrouping
                0x080010f4       0x48 ./Drivers/STM32F4xx_HAL_Driver/Src/stm32f4xx_hal_cortex.o
 .text.__NVIC_GetPriorityGrouping
                0x0800113c       0x1c ./Drivers/STM32F4xx_HAL_Driver/Src/stm32f4xx_hal_cortex.o
 .text.__NVIC_SetPriority
                0x08001158       0x54 ./Drivers/STM32F4xx_HAL_Driver/Src/stm32f4xx_hal_cortex.o
 .text.NVIC_EncodePriority
                0x080011ac       0x66 ./Drivers/STM32F4xx_HAL_Driver/Src/stm32f4xx_hal_cortex.o
 *fill*         0x08001212        0x2 
 .text.SysTick_Config
                0x08001214       0x44 ./Drivers/STM32F4xx_HAL_Driver/Src/stm32f4xx_hal_cortex.o
 .text.HAL_NVIC_SetPriorityGrouping
                0x08001258       0x16 ./Drivers/STM32F4xx_HAL_Driver/Src/stm32f4xx_hal_cortex.o
                0x08001258                HAL_NVIC_SetPriorityGrouping
 .text.HAL_NVIC_SetPriority
                0x0800126e       0x38 ./Drivers/STM32F4xx_HAL_Driver/Src/stm32f4xx_hal_cortex.o
                0x0800126e                HAL_NVIC_SetPriority
 .text.HAL_SYSTICK_Config
                0x080012a6       0x18 ./Drivers/STM32F4xx_HAL_Driver/Src/stm32f4xx_hal_cortex.o
                0x080012a6                HAL_SYSTICK_Config
 *fill*         0x080012be        0x2 
 .text.HAL_GPIO_Init
                0x080012c0      0x308 ./Drivers/STM32F4xx_HAL_Driver/Src/stm32f4xx_hal_gpio.o
                0x080012c0                HAL_GPIO_Init
 .text.HAL_GPIO_WritePin
                0x080015c8       0x32 ./Drivers/STM32F4xx_HAL_Driver/Src/stm32f4xx_hal_gpio.o
                0x080015c8                HAL_GPIO_WritePin
 .text.vListInitialise
                0x080015fa       0x40 ./FreeRTOSv2024/list.o
                0x080015fa                vListInitialise
 .text.vListInitialiseItem
                0x0800163a       0x1a ./FreeRTOSv2024/list.o
                0x0800163a                vListInitialiseItem
 .text.vListInsert
                0x08001654       0x72 ./FreeRTOSv2024/list.o
                0x08001654                vListInsert
 .text.uxListRemove
                0x080016c6       0x54 ./FreeRTOSv2024/list.o
                0x080016c6                uxListRemove
 *fill*         0x0800171a        0x2 
 .text.xQueueGenericReset
                0x0800171c      0x124 ./FreeRTOSv2024/queue.o
                0x0800171c                xQueueGenericReset
 .text.xQueueGenericCreate
                0x08001840       0x9e ./FreeRTOSv2024/queue.o
                0x08001840                xQueueGenericCreate
 .text.prvInitialiseNewQueue
                0x080018de       0x46 ./FreeRTOSv2024/queue.o
 .text.xQueueReceive
                0x08001924      0x1c4 ./FreeRTOSv2024/queue.o
                0x08001924                xQueueReceive
 .text.prvCopyDataFromQueue
                0x08001ae8       0x4c ./FreeRTOSv2024/queue.o
 .text.prvUnlockQueue
                0x08001b34       0xa4 ./FreeRTOSv2024/queue.o
 .text.prvIsQueueEmpty
                0x08001bd8       0x2c ./FreeRTOSv2024/queue.o
 .text.vQueueAddToRegistry
                0x08001c04       0xa0 ./FreeRTOSv2024/queue.o
                0x08001c04                vQueueAddToRegistry
 .text.vQueueWaitForMessageRestricted
                0x08001ca4       0x68 ./FreeRTOSv2024/queue.o
                0x08001ca4                vQueueWaitForMessageRestricted
 .text.prvCreateTask
                0x08001d0c       0x78 ./FreeRTOSv2024/tasks.o
 .text.xTaskCreate
                0x08001d84       0x46 ./FreeRTOSv2024/tasks.o
                0x08001d84                xTaskCreate
 .text.prvInitialiseNewTask
                0x08001dca      0x120 ./FreeRTOSv2024/tasks.o
 *fill*         0x08001eea        0x2 
 .text.prvAddNewTaskToReadyList
                0x08001eec      0x130 ./FreeRTOSv2024/tasks.o
 .text.vTaskDelay
                0x0800201c       0x6c ./FreeRTOSv2024/tasks.o
                0x0800201c                vTaskDelay
 .text.prvCreateIdleTasks
                0x08002088       0x94 ./FreeRTOSv2024/tasks.o
 .text.vTaskStartScheduler
                0x0800211c       0x88 ./FreeRTOSv2024/tasks.o
                0x0800211c                vTaskStartScheduler
 .text.vTaskSuspendAll
                0x080021a4       0x1c ./FreeRTOSv2024/tasks.o
                0x080021a4                vTaskSuspendAll
 .text.xTaskResumeAll
                0x080021c0      0x210 ./FreeRTOSv2024/tasks.o
                0x080021c0                xTaskResumeAll
 .text.xTaskGetTickCount
                0x080023d0       0x20 ./FreeRTOSv2024/tasks.o
                0x080023d0                xTaskGetTickCount
 .text.xTaskIncrementTick
                0x080023f0      0x234 ./FreeRTOSv2024/tasks.o
                0x080023f0                xTaskIncrementTick
 .text.vTaskSwitchContext
                0x08002624       0xbc ./FreeRTOSv2024/tasks.o
                0x08002624                vTaskSwitchContext
 .text.vTaskPlaceOnEventList
                0x080026e0       0x4c ./FreeRTOSv2024/tasks.o
                0x080026e0                vTaskPlaceOnEventList
 .text.vTaskPlaceOnEventListRestricted
                0x0800272c       0x8c ./FreeRTOSv2024/tasks.o
                0x0800272c                vTaskPlaceOnEventListRestricted
 .text.xTaskRemoveFromEventList
                0x080027b8      0x1b4 ./FreeRTOSv2024/tasks.o
                0x080027b8                xTaskRemoveFromEventList
 .text.vTaskInternalSetTimeOutState
                0x0800296c       0x2c ./FreeRTOSv2024/tasks.o
                0x0800296c                vTaskInternalSetTimeOutState
 .text.xTaskCheckForTimeOut
                0x08002998       0xd0 ./FreeRTOSv2024/tasks.o
                0x08002998                xTaskCheckForTimeOut
 .text.vTaskMissedYield
                0x08002a68       0x18 ./FreeRTOSv2024/tasks.o
                0x08002a68                vTaskMissedYield
 .text.prvIdleTask
                0x08002a80       0x30 ./FreeRTOSv2024/tasks.o
 .text.prvInitialiseTaskLists
                0x08002ab0       0x80 ./FreeRTOSv2024/tasks.o
 .text.prvCheckTasksWaitingTermination
                0x08002b30       0x5c ./FreeRTOSv2024/tasks.o
 .text.prvDeleteTCB
                0x08002b8c       0x20 ./FreeRTOSv2024/tasks.o
 .text.prvResetNextTaskUnblockTime
                0x08002bac       0x38 ./FreeRTOSv2024/tasks.o
 .text.xTaskGetSchedulerState
                0x08002be4       0x3c ./FreeRTOSv2024/tasks.o
                0x08002be4                xTaskGetSchedulerState
 .text.xTaskGenericNotifyWait
                0x08002c20      0x124 ./FreeRTOSv2024/tasks.o
                0x08002c20                xTaskGenericNotifyWait
 .text.xTaskGenericNotify
                0x08002d44      0x250 ./FreeRTOSv2024/tasks.o
                0x08002d44                xTaskGenericNotify
 .text.prvAddCurrentTaskToDelayedList
                0x08002f94      0x104 ./FreeRTOSv2024/tasks.o
 .text.xTimerCreateTimerTask
                0x08003098       0x68 ./FreeRTOSv2024/timers.o
                0x08003098                xTimerCreateTimerTask
 .text.prvReloadTimer
                0x08003100       0x42 ./FreeRTOSv2024/timers.o
 *fill*         0x08003142        0x2 
 .text.prvProcessExpiredTimer
                0x08003144       0x60 ./FreeRTOSv2024/timers.o
 .text.prvTimerTask
                0x080031a4       0x26 ./FreeRTOSv2024/timers.o
 *fill*         0x080031ca        0x2 
 .text.prvProcessTimerOrBlockTask
                0x080031cc       0x9c ./FreeRTOSv2024/timers.o
 .text.prvGetNextExpireTime
                0x08003268       0x48 ./FreeRTOSv2024/timers.o
 .text.prvSampleTimeNow
                0x080032b0       0x40 ./FreeRTOSv2024/timers.o
 .text.prvInsertTimerInActiveList
                0x080032f0       0x84 ./FreeRTOSv2024/timers.o
 .text.prvProcessReceivedCommands
                0x08003374      0x190 ./FreeRTOSv2024/timers.o
 .text.prvSwitchTimerLists
                0x08003504       0x4c ./FreeRTOSv2024/timers.o
 .text.prvCheckForValidListAndQueue
                0x08003550       0x6c ./FreeRTOSv2024/timers.o
 .text.pxPortInitialiseStack
                0x080035bc       0x68 ./FreeRTOSv2024/portable/GCC/ARM_CM4F/port.o
                0x080035bc                pxPortInitialiseStack
 .text.prvTaskExitError
                0x08003624       0x5c ./FreeRTOSv2024/portable/GCC/ARM_CM4F/port.o
 .text.SVC_Handler
                0x08003680       0x28 ./FreeRTOSv2024/portable/GCC/ARM_CM4F/port.o
                0x08003680                SVC_Handler
 .text.prvPortStartFirstTask
                0x080036a8       0x2c ./FreeRTOSv2024/portable/GCC/ARM_CM4F/port.o
 .text.xPortStartScheduler
                0x080036d4      0x1e0 ./FreeRTOSv2024/portable/GCC/ARM_CM4F/port.o
                0x080036d4                xPortStartScheduler
 .text.vPortEnterCritical
                0x080038b4       0x64 ./FreeRTOSv2024/portable/GCC/ARM_CM4F/port.o
                0x080038b4                vPortEnterCritical
 .text.vPortExitCritical
                0x08003918       0x54 ./FreeRTOSv2024/portable/GCC/ARM_CM4F/port.o
                0x08003918                vPortExitCritical
 *fill*         0x0800396c        0x4 
 .text.PendSV_Handler
                0x08003970       0x68 ./FreeRTOSv2024/portable/GCC/ARM_CM4F/port.o
                0x08003970                PendSV_Handler
 .text.SysTick_Handler
                0x080039d8       0x44 ./FreeRTOSv2024/portable/GCC/ARM_CM4F/port.o
                0x080039d8                SysTick_Handler
 .text.vPortSetupTimerInterrupt
                0x08003a1c       0x48 ./FreeRTOSv2024/portable/GCC/ARM_CM4F/port.o
                0x08003a1c                vPortSetupTimerInterrupt
 .text.vPortEnableVFP
                0x08003a64       0x18 ./FreeRTOSv2024/portable/GCC/ARM_CM4F/port.o
 .text.pvPortMalloc
                0x08003a7c      0x264 ./FreeRTOSv2024/portable/MemMang/heap_4.o
                0x08003a7c                pvPortMalloc
 .text.vPortFree
                0x08003ce0       0xec ./FreeRTOSv2024/portable/MemMang/heap_4.o
                0x08003ce0                vPortFree
 .text.prvHeapInit
                0x08003dcc       0xb4 ./FreeRTOSv2024/portable/MemMang/heap_4.o
 .text.prvInsertBlockIntoFreeList
                0x08003e80       0xf4 ./FreeRTOSv2024/portable/MemMang/heap_4.o
 .text.std      0x08003f74       0x6c C:/ST/STM32CubeIDE_1.18.0/STM32CubeIDE/plugins/com.st.stm32cube.ide.mcu.externaltools.gnu-tools-for-stm32.13.3.rel1.win32_1.0.0.202411081344/tools/bin/../lib/gcc/arm-none-eabi/13.3.1/../../../../arm-none-eabi/lib/thumb/v7e-m+fp/hard\libc_nano.a(libc_a-findfp.o)
 .text.stdio_exit_handler
                0x08003fe0       0x18 C:/ST/STM32CubeIDE_1.18.0/STM32CubeIDE/plugins/com.st.stm32cube.ide.mcu.externaltools.gnu-tools-for-stm32.13.3.rel1.win32_1.0.0.202411081344/tools/bin/../lib/gcc/arm-none-eabi/13.3.1/../../../../arm-none-eabi/lib/thumb/v7e-m+fp/hard\libc_nano.a(libc_a-findfp.o)
 .text.cleanup_stdio
                0x08003ff8       0x40 C:/ST/STM32CubeIDE_1.18.0/STM32CubeIDE/plugins/com.st.stm32cube.ide.mcu.externaltools.gnu-tools-for-stm32.13.3.rel1.win32_1.0.0.202411081344/tools/bin/../lib/gcc/arm-none-eabi/13.3.1/../../../../arm-none-eabi/lib/thumb/v7e-m+fp/hard\libc_nano.a(libc_a-findfp.o)
 .text.global_stdio_init.part.0
                0x08004038       0x3c C:/ST/STM32CubeIDE_1.18.0/STM32CubeIDE/plugins/com.st.stm32cube.ide.mcu.externaltools.gnu-tools-for-stm32.13.3.rel1.win32_1.0.0.202411081344/tools/bin/../lib/gcc/arm-none-eabi/13.3.1/../../../../arm-none-eabi/lib/thumb/v7e-m+fp/hard\libc_nano.a(libc_a-findfp.o)
 .text.__sfp_lock_acquire
                0x08004074        0xc C:/ST/STM32CubeIDE_1.18.0/STM32CubeIDE/plugins/com.st.stm32cube.ide.mcu.externaltools.gnu-tools-for-stm32.13.3.rel1.win32_1.0.0.202411081344/tools/bin/../lib/gcc/arm-none-eabi/13.3.1/../../../../arm-none-eabi/lib/thumb/v7e-m+fp/hard\libc_nano.a(libc_a-findfp.o)
                0x08004074                __sfp_lock_acquire
 .text.__sfp_lock_release
                0x08004080        0xc C:/ST/STM32CubeIDE_1.18.0/STM32CubeIDE/plugins/com.st.stm32cube.ide.mcu.externaltools.gnu-tools-for-stm32.13.3.rel1.win32_1.0.0.202411081344/tools/bin/../lib/gcc/arm-none-eabi/13.3.1/../../../../arm-none-eabi/lib/thumb/v7e-m+fp/hard\libc_nano.a(libc_a-findfp.o)
                0x08004080                __sfp_lock_release
 .text.__sinit  0x0800408c       0x30 C:/ST/STM32CubeIDE_1.18.0/STM32CubeIDE/plugins/com.st.stm32cube.ide.mcu.externaltools.gnu-tools-for-stm32.13.3.rel1.win32_1.0.0.202411081344/tools/bin/../lib/gcc/arm-none-eabi/13.3.1/../../../../arm-none-eabi/lib/thumb/v7e-m+fp/hard\libc_nano.a(libc_a-findfp.o)
                0x0800408c                __sinit
 .text._fwalk_sglue
                0x080040bc       0x3c C:/ST/STM32CubeIDE_1.18.0/STM32CubeIDE/plugins/com.st.stm32cube.ide.mcu.externaltools.gnu-tools-for-stm32.13.3.rel1.win32_1.0.0.202411081344/tools/bin/../lib/gcc/arm-none-eabi/13.3.1/../../../../arm-none-eabi/lib/thumb/v7e-m+fp/hard\libc_nano.a(libc_a-fwalk.o)
                0x080040bc                _fwalk_sglue
 .text.printf   0x080040f8       0x24 C:/ST/STM32CubeIDE_1.18.0/STM32CubeIDE/plugins/com.st.stm32cube.ide.mcu.externaltools.gnu-tools-for-stm32.13.3.rel1.win32_1.0.0.202411081344/tools/bin/../lib/gcc/arm-none-eabi/13.3.1/../../../../arm-none-eabi/lib/thumb/v7e-m+fp/hard\libc_nano.a(libc_a-printf.o)
                0x080040f8                iprintf
                0x080040f8                printf
 .text.__sread  0x0800411c       0x22 C:/ST/STM32CubeIDE_1.18.0/STM32CubeIDE/plugins/com.st.stm32cube.ide.mcu.externaltools.gnu-tools-for-stm32.13.3.rel1.win32_1.0.0.202411081344/tools/bin/../lib/gcc/arm-none-eabi/13.3.1/../../../../arm-none-eabi/lib/thumb/v7e-m+fp/hard\libc_nano.a(libc_a-stdio.o)
                0x0800411c                __sread
 .text.__swrite
                0x0800413e       0x38 C:/ST/STM32CubeIDE_1.18.0/STM32CubeIDE/plugins/com.st.stm32cube.ide.mcu.externaltools.gnu-tools-for-stm32.13.3.rel1.win32_1.0.0.202411081344/tools/bin/../lib/gcc/arm-none-eabi/13.3.1/../../../../arm-none-eabi/lib/thumb/v7e-m+fp/hard\libc_nano.a(libc_a-stdio.o)
                0x0800413e                __swrite
 .text.__sseek  0x08004176       0x24 C:/ST/STM32CubeIDE_1.18.0/STM32CubeIDE/plugins/com.st.stm32cube.ide.mcu.externaltools.gnu-tools-for-stm32.13.3.rel1.win32_1.0.0.202411081344/tools/bin/../lib/gcc/arm-none-eabi/13.3.1/../../../../arm-none-eabi/lib/thumb/v7e-m+fp/hard\libc_nano.a(libc_a-stdio.o)
                0x08004176                __sseek
 .text.__sclose
                0x0800419a        0x8 C:/ST/STM32CubeIDE_1.18.0/STM32CubeIDE/plugins/com.st.stm32cube.ide.mcu.externaltools.gnu-tools-for-stm32.13.3.rel1.win32_1.0.0.202411081344/tools/bin/../lib/gcc/arm-none-eabi/13.3.1/../../../../arm-none-eabi/lib/thumb/v7e-m+fp/hard\libc_nano.a(libc_a-stdio.o)
                0x0800419a                __sclose
 .text.memset   0x080041a2       0x10 C:/ST/STM32CubeIDE_1.18.0/STM32CubeIDE/plugins/com.st.stm32cube.ide.mcu.externaltools.gnu-tools-for-stm32.13.3.rel1.win32_1.0.0.202411081344/tools/bin/../lib/gcc/arm-none-eabi/13.3.1/../../../../arm-none-eabi/lib/thumb/v7e-m+fp/hard\libc_nano.a(libc_a-memset.o)
                0x080041a2                memset
 *fill*         0x080041b2        0x2 
 .text._close_r
                0x080041b4       0x20 C:/ST/STM32CubeIDE_1.18.0/STM32CubeIDE/plugins/com.st.stm32cube.ide.mcu.externaltools.gnu-tools-for-stm32.13.3.rel1.win32_1.0.0.202411081344/tools/bin/../lib/gcc/arm-none-eabi/13.3.1/../../../../arm-none-eabi/lib/thumb/v7e-m+fp/hard\libc_nano.a(libc_a-closer.o)
                0x080041b4                _close_r
 .text._lseek_r
                0x080041d4       0x24 C:/ST/STM32CubeIDE_1.18.0/STM32CubeIDE/plugins/com.st.stm32cube.ide.mcu.externaltools.gnu-tools-for-stm32.13.3.rel1.win32_1.0.0.202411081344/tools/bin/../lib/gcc/arm-none-eabi/13.3.1/../../../../arm-none-eabi/lib/thumb/v7e-m+fp/hard\libc_nano.a(libc_a-lseekr.o)
                0x080041d4                _lseek_r
 .text._read_r  0x080041f8       0x24 C:/ST/STM32CubeIDE_1.18.0/STM32CubeIDE/plugins/com.st.stm32cube.ide.mcu.externaltools.gnu-tools-for-stm32.13.3.rel1.win32_1.0.0.202411081344/tools/bin/../lib/gcc/arm-none-eabi/13.3.1/../../../../arm-none-eabi/lib/thumb/v7e-m+fp/hard\libc_nano.a(libc_a-readr.o)
                0x080041f8                _read_r
 .text._write_r
                0x0800421c       0x24 C:/ST/STM32CubeIDE_1.18.0/STM32CubeIDE/plugins/com.st.stm32cube.ide.mcu.externaltools.gnu-tools-for-stm32.13.3.rel1.win32_1.0.0.202411081344/tools/bin/../lib/gcc/arm-none-eabi/13.3.1/../../../../arm-none-eabi/lib/thumb/v7e-m+fp/hard\libc_nano.a(libc_a-writer.o)
                0x0800421c                _write_r
 .text.__errno  0x08004240        0xc C:/ST/STM32CubeIDE_1.18.0/STM32CubeIDE/plugins/com.st.stm32cube.ide.mcu.externaltools.gnu-tools-for-stm32.13.3.rel1.win32_1.0.0.202411081344/tools/bin/../lib/gcc/arm-none-eabi/13.3.1/../../../../arm-none-eabi/lib/thumb/v7e-m+fp/hard\libc_nano.a(libc_a-errno.o)
                0x08004240                __errno
 .text.__libc_init_array
                0x0800424c       0x48 C:/ST/STM32CubeIDE_1.18.0/STM32CubeIDE/plugins/com.st.stm32cube.ide.mcu.externaltools.gnu-tools-for-stm32.13.3.rel1.win32_1.0.0.202411081344/tools/bin/../lib/gcc/arm-none-eabi/13.3.1/../../../../arm-none-eabi/lib/thumb/v7e-m+fp/hard\libc_nano.a(libc_a-init.o)
                0x0800424c                __libc_init_array
 .text.__retarget_lock_init_recursive
                0x08004294        0x2 C:/ST/STM32CubeIDE_1.18.0/STM32CubeIDE/plugins/com.st.stm32cube.ide.mcu.externaltools.gnu-tools-for-stm32.13.3.rel1.win32_1.0.0.202411081344/tools/bin/../lib/gcc/arm-none-eabi/13.3.1/../../../../arm-none-eabi/lib/thumb/v7e-m+fp/hard\libc_nano.a(libc_a-lock.o)
                0x08004294                __retarget_lock_init_recursive
 .text.__retarget_lock_acquire_recursive
                0x08004296        0x2 C:/ST/STM32CubeIDE_1.18.0/STM32CubeIDE/plugins/com.st.stm32cube.ide.mcu.externaltools.gnu-tools-for-stm32.13.3.rel1.win32_1.0.0.202411081344/tools/bin/../lib/gcc/arm-none-eabi/13.3.1/../../../../arm-none-eabi/lib/thumb/v7e-m+fp/hard\libc_nano.a(libc_a-lock.o)
                0x08004296                __retarget_lock_acquire_recursive
 .text.__retarget_lock_release_recursive
                0x08004298        0x2 C:/ST/STM32CubeIDE_1.18.0/STM32CubeIDE/plugins/com.st.stm32cube.ide.mcu.externaltools.gnu-tools-for-stm32.13.3.rel1.win32_1.0.0.202411081344/tools/bin/../lib/gcc/arm-none-eabi/13.3.1/../../../../arm-none-eabi/lib/thumb/v7e-m+fp/hard\libc_nano.a(libc_a-lock.o)
                0x08004298                __retarget_lock_release_recursive
 .text.memcpy   0x0800429a       0x1c C:/ST/STM32CubeIDE_1.18.0/STM32CubeIDE/plugins/com.st.stm32cube.ide.mcu.externaltools.gnu-tools-for-stm32.13.3.rel1.win32_1.0.0.202411081344/tools/bin/../lib/gcc/arm-none-eabi/13.3.1/../../../../arm-none-eabi/lib/thumb/v7e-m+fp/hard\libc_nano.a(libc_a-memcpy-stub.o)
                0x0800429a                memcpy
 *fill*         0x080042b6        0x2 
 .text._free_r  0x080042b8       0x94 C:/ST/STM32CubeIDE_1.18.0/STM32CubeIDE/plugins/com.st.stm32cube.ide.mcu.externaltools.gnu-tools-for-stm32.13.3.rel1.win32_1.0.0.202411081344/tools/bin/../lib/gcc/arm-none-eabi/13.3.1/../../../../arm-none-eabi/lib/thumb/v7e-m+fp/hard\libc_nano.a(libc_a-freer.o)
                0x080042b8                _free_r
 .text.sbrk_aligned
                0x0800434c       0x44 C:/ST/STM32CubeIDE_1.18.0/STM32CubeIDE/plugins/com.st.stm32cube.ide.mcu.externaltools.gnu-tools-for-stm32.13.3.rel1.win32_1.0.0.202411081344/tools/bin/../lib/gcc/arm-none-eabi/13.3.1/../../../../arm-none-eabi/lib/thumb/v7e-m+fp/hard\libc_nano.a(libc_a-mallocr.o)
 .text._malloc_r
                0x08004390      0x100 C:/ST/STM32CubeIDE_1.18.0/STM32CubeIDE/plugins/com.st.stm32cube.ide.mcu.externaltools.gnu-tools-for-stm32.13.3.rel1.win32_1.0.0.202411081344/tools/bin/../lib/gcc/arm-none-eabi/13.3.1/../../../../arm-none-eabi/lib/thumb/v7e-m+fp/hard\libc_nano.a(libc_a-mallocr.o)
                0x08004390                _malloc_r
 .text.__malloc_lock
                0x08004490        0xc C:/ST/STM32CubeIDE_1.18.0/STM32CubeIDE/plugins/com.st.stm32cube.ide.mcu.externaltools.gnu-tools-for-stm32.13.3.rel1.win32_1.0.0.202411081344/tools/bin/../lib/gcc/arm-none-eabi/13.3.1/../../../../arm-none-eabi/lib/thumb/v7e-m+fp/hard\libc_nano.a(libc_a-mlock.o)
                0x08004490                __malloc_lock
 .text.__malloc_unlock
                0x0800449c        0xc C:/ST/STM32CubeIDE_1.18.0/STM32CubeIDE/plugins/com.st.stm32cube.ide.mcu.externaltools.gnu-tools-for-stm32.13.3.rel1.win32_1.0.0.202411081344/tools/bin/../lib/gcc/arm-none-eabi/13.3.1/../../../../arm-none-eabi/lib/thumb/v7e-m+fp/hard\libc_nano.a(libc_a-mlock.o)
                0x0800449c                __malloc_unlock
 .text.__sfputc_r
                0x080044a8       0x2e C:/ST/STM32CubeIDE_1.18.0/STM32CubeIDE/plugins/com.st.stm32cube.ide.mcu.externaltools.gnu-tools-for-stm32.13.3.rel1.win32_1.0.0.202411081344/tools/bin/../lib/gcc/arm-none-eabi/13.3.1/../../../../arm-none-eabi/lib/thumb/v7e-m+fp/hard\libc_nano.a(libc_a-nano-vfprintf.o)
 .text.__sfputs_r
                0x080044d6       0x24 C:/ST/STM32CubeIDE_1.18.0/STM32CubeIDE/plugins/com.st.stm32cube.ide.mcu.externaltools.gnu-tools-for-stm32.13.3.rel1.win32_1.0.0.202411081344/tools/bin/../lib/gcc/arm-none-eabi/13.3.1/../../../../arm-none-eabi/lib/thumb/v7e-m+fp/hard\libc_nano.a(libc_a-nano-vfprintf.o)
                0x080044d6                __sfputs_r
 *fill*         0x080044fa        0x2 
 .text._vfprintf_r
                0x080044fc      0x230 C:/ST/STM32CubeIDE_1.18.0/STM32CubeIDE/plugins/com.st.stm32cube.ide.mcu.externaltools.gnu-tools-for-stm32.13.3.rel1.win32_1.0.0.202411081344/tools/bin/../lib/gcc/arm-none-eabi/13.3.1/../../../../arm-none-eabi/lib/thumb/v7e-m+fp/hard\libc_nano.a(libc_a-nano-vfprintf.o)
                0x080044fc                _vfprintf_r
                0x080044fc                _vfiprintf_r
 .text._printf_common
                0x0800472c       0xda C:/ST/STM32CubeIDE_1.18.0/STM32CubeIDE/plugins/com.st.stm32cube.ide.mcu.externaltools.gnu-tools-for-stm32.13.3.rel1.win32_1.0.0.202411081344/tools/bin/../lib/gcc/arm-none-eabi/13.3.1/../../../../arm-none-eabi/lib/thumb/v7e-m+fp/hard\libc_nano.a(libc_a-nano-vfprintf_i.o)
                0x0800472c                _printf_common
 *fill*         0x08004806        0x2 
 .text._printf_i
                0x08004808      0x23c C:/ST/STM32CubeIDE_1.18.0/STM32CubeIDE/plugins/com.st.stm32cube.ide.mcu.externaltools.gnu-tools-for-stm32.13.3.rel1.win32_1.0.0.202411081344/tools/bin/../lib/gcc/arm-none-eabi/13.3.1/../../../../arm-none-eabi/lib/thumb/v7e-m+fp/hard\libc_nano.a(libc_a-nano-vfprintf_i.o)
                0x08004808                _printf_i
 .text.__sflush_r
                0x08004a44      0x108 C:/ST/STM32CubeIDE_1.18.0/STM32CubeIDE/plugins/com.st.stm32cube.ide.mcu.externaltools.gnu-tools-for-stm32.13.3.rel1.win32_1.0.0.202411081344/tools/bin/../lib/gcc/arm-none-eabi/13.3.1/../../../../arm-none-eabi/lib/thumb/v7e-m+fp/hard\libc_nano.a(libc_a-fflush.o)
                0x08004a44                __sflush_r
 .text._fflush_r
                0x08004b4c       0x50 C:/ST/STM32CubeIDE_1.18.0/STM32CubeIDE/plugins/com.st.stm32cube.ide.mcu.externaltools.gnu-tools-for-stm32.13.3.rel1.win32_1.0.0.202411081344/tools/bin/../lib/gcc/arm-none-eabi/13.3.1/../../../../arm-none-eabi/lib/thumb/v7e-m+fp/hard\libc_nano.a(libc_a-fflush.o)
                0x08004b4c                _fflush_r
 .text.__swbuf_r
                0x08004b9c       0x7c C:/ST/STM32CubeIDE_1.18.0/STM32CubeIDE/plugins/com.st.stm32cube.ide.mcu.externaltools.gnu-tools-for-stm32.13.3.rel1.win32_1.0.0.202411081344/tools/bin/../lib/gcc/arm-none-eabi/13.3.1/../../../../arm-none-eabi/lib/thumb/v7e-m+fp/hard\libc_nano.a(libc_a-wbuf.o)
                0x08004b9c                __swbuf_r
 .text.__swsetup_r
                0x08004c18       0xac C:/ST/STM32CubeIDE_1.18.0/STM32CubeIDE/plugins/com.st.stm32cube.ide.mcu.externaltools.gnu-tools-for-stm32.13.3.rel1.win32_1.0.0.202411081344/tools/bin/../lib/gcc/arm-none-eabi/13.3.1/../../../../arm-none-eabi/lib/thumb/v7e-m+fp/hard\libc_nano.a(libc_a-wsetup.o)
                0x08004c18                __swsetup_r
 .text._sbrk_r  0x08004cc4       0x20 C:/ST/STM32CubeIDE_1.18.0/STM32CubeIDE/plugins/com.st.stm32cube.ide.mcu.externaltools.gnu-tools-for-stm32.13.3.rel1.win32_1.0.0.202411081344/tools/bin/../lib/gcc/arm-none-eabi/13.3.1/../../../../arm-none-eabi/lib/thumb/v7e-m+fp/hard\libc_nano.a(libc_a-sbrkr.o)
                0x08004cc4                _sbrk_r
 .text.__swhatbuf_r
                0x08004ce4       0x4c C:/ST/STM32CubeIDE_1.18.0/STM32CubeIDE/plugins/com.st.stm32cube.ide.mcu.externaltools.gnu-tools-for-stm32.13.3.rel1.win32_1.0.0.202411081344/tools/bin/../lib/gcc/arm-none-eabi/13.3.1/../../../../arm-none-eabi/lib/thumb/v7e-m+fp/hard\libc_nano.a(libc_a-makebuf.o)
                0x08004ce4                __swhatbuf_r
 .text.__smakebuf_r
                0x08004d30       0x78 C:/ST/STM32CubeIDE_1.18.0/STM32CubeIDE/plugins/com.st.stm32cube.ide.mcu.externaltools.gnu-tools-for-stm32.13.3.rel1.win32_1.0.0.202411081344/tools/bin/../lib/gcc/arm-none-eabi/13.3.1/../../../../arm-none-eabi/lib/thumb/v7e-m+fp/hard\libc_nano.a(libc_a-makebuf.o)
                0x08004d30                __smakebuf_r
 .text._fstat_r
                0x08004da8       0x24 C:/ST/STM32CubeIDE_1.18.0/STM32CubeIDE/plugins/com.st.stm32cube.ide.mcu.externaltools.gnu-tools-for-stm32.13.3.rel1.win32_1.0.0.202411081344/tools/bin/../lib/gcc/arm-none-eabi/13.3.1/../../../../arm-none-eabi/lib/thumb/v7e-m+fp/hard\libc_nano.a(libc_a-fstatr.o)
                0x08004da8                _fstat_r
 .text._isatty_r
                0x08004dcc       0x20 C:/ST/STM32CubeIDE_1.18.0/STM32CubeIDE/plugins/com.st.stm32cube.ide.mcu.externaltools.gnu-tools-for-stm32.13.3.rel1.win32_1.0.0.202411081344/tools/bin/../lib/gcc/arm-none-eabi/13.3.1/../../../../arm-none-eabi/lib/thumb/v7e-m+fp/hard\libc_nano.a(libc_a-isattyr.o)
                0x08004dcc                _isatty_r
 *(.glue_7)
 .glue_7        0x08004dec        0x0 linker stubs
 *(.glue_7t)
 .glue_7t       0x08004dec        0x0 linker stubs
 *(.eh_frame)
 .eh_frame      0x08004dec        0x0 C:/ST/STM32CubeIDE_1.18.0/STM32CubeIDE/plugins/com.st.stm32cube.ide.mcu.externaltools.gnu-tools-for-stm32.13.3.rel1.win32_1.0.0.202411081344/tools/bin/../lib/gcc/arm-none-eabi/13.3.1/thumb/v7e-m+fp/hard/crtbegin.o
 *(.init)
 .init          0x08004dec        0x4 C:/ST/STM32CubeIDE_1.18.0/STM32CubeIDE/plugins/com.st.stm32cube.ide.mcu.externaltools.gnu-tools-for-stm32.13.3.rel1.win32_1.0.0.202411081344/tools/bin/../lib/gcc/arm-none-eabi/13.3.1/thumb/v7e-m+fp/hard/crti.o
                0x08004dec                _init
 .init          0x08004df0        0x8 C:/ST/STM32CubeIDE_1.18.0/STM32CubeIDE/plugins/com.st.stm32cube.ide.mcu.externaltools.gnu-tools-for-stm32.13.3.rel1.win32_1.0.0.202411081344/tools/bin/../lib/gcc/arm-none-eabi/13.3.1/thumb/v7e-m+fp/hard/crtn.o
 *(.fini)
 .fini          0x08004df8        0x4 C:/ST/STM32CubeIDE_1.18.0/STM32CubeIDE/plugins/com.st.stm32cube.ide.mcu.externaltools.gnu-tools-for-stm32.13.3.rel1.win32_1.0.0.202411081344/tools/bin/../lib/gcc/arm-none-eabi/13.3.1/thumb/v7e-m+fp/hard/crti.o
                0x08004df8                _fini
 .fini          0x08004dfc        0x8 C:/ST/STM32CubeIDE_1.18.0/STM32CubeIDE/plugins/com.st.stm32cube.ide.mcu.externaltools.gnu-tools-for-stm32.13.3.rel1.win32_1.0.0.202411081344/tools/bin/../lib/gcc/arm-none-eabi/13.3.1/thumb/v7e-m+fp/hard/crtn.o
                0x08004e04                        . = ALIGN (0x4)
                0x08004e04                        _etext = .

.vfp11_veneer   0x08004e04        0x0
 .vfp11_veneer  0x08004e04        0x0 linker stubs

.v4_bx          0x08004e04        0x0
 .v4_bx         0x08004e04        0x0 linker stubs

.iplt           0x08004e04        0x0
 .iplt          0x08004e04        0x0 C:/ST/STM32CubeIDE_1.18.0/STM32CubeIDE/plugins/com.st.stm32cube.ide.mcu.externaltools.gnu-tools-for-stm32.13.3.rel1.win32_1.0.0.202411081344/tools/bin/../lib/gcc/arm-none-eabi/13.3.1/thumb/v7e-m+fp/hard/crtbegin.o

.rodata         0x08004e04       0x98
                0x08004e04                        . = ALIGN (0x4)
 *(.rodata)
 .rodata        0x08004e04       0x46 ./Core/Src/main.o
 *fill*         0x08004e4a        0x2 
 .rodata        0x08004e4c        0x5 ./FreeRTOSv2024/tasks.o
 *fill*         0x08004e51        0x3 
 .rodata        0x08004e54        0xd ./FreeRTOSv2024/timers.o
 *(.rodata*)
 *fill*         0x08004e61        0x3 
 .rodata.uxTopUsedPriority
                0x08004e64        0x4 ./FreeRTOSv2024/tasks.o
 .rodata._vfprintf_r.str1.1
                0x08004e68       0x33 C:/ST/STM32CubeIDE_1.18.0/STM32CubeIDE/plugins/com.st.stm32cube.ide.mcu.externaltools.gnu-tools-for-stm32.13.3.rel1.win32_1.0.0.202411081344/tools/bin/../lib/gcc/arm-none-eabi/13.3.1/../../../../arm-none-eabi/lib/thumb/v7e-m+fp/hard\libc_nano.a(libc_a-nano-vfprintf.o)
                                 0x11 (size before relaxing)
 .rodata._printf_i.str1.1
                0x08004e9b       0x22 C:/ST/STM32CubeIDE_1.18.0/STM32CubeIDE/plugins/com.st.stm32cube.ide.mcu.externaltools.gnu-tools-for-stm32.13.3.rel1.win32_1.0.0.202411081344/tools/bin/../lib/gcc/arm-none-eabi/13.3.1/../../../../arm-none-eabi/lib/thumb/v7e-m+fp/hard\libc_nano.a(libc_a-nano-vfprintf_i.o)
                0x08004ec0                        . = ALIGN (0x4)
 *fill*         0x08004e9b        0x1 

.ARM.extab      0x08004e9c        0x0
                0x08004e9c                        . = ALIGN (0x4)
 *(.ARM.extab* .gnu.linkonce.armextab.*)
                0x08004e9c                        . = ALIGN (0x4)

.ARM            0x08004e9c        0x8
                0x08004e9c                        . = ALIGN (0x4)
                0x08004e9c                        __exidx_start = .
 *(.ARM.exidx*)
 .ARM.exidx     0x08004e9c        0x8 C:/ST/STM32CubeIDE_1.18.0/STM32CubeIDE/plugins/com.st.stm32cube.ide.mcu.externaltools.gnu-tools-for-stm32.13.3.rel1.win32_1.0.0.202411081344/tools/bin/../lib/gcc/arm-none-eabi/13.3.1/../../../../arm-none-eabi/lib/thumb/v7e-m+fp/hard\libc_nano.a(libc_a-memchr.o)
                0x08004ea4                        __exidx_end = .
                0x08004ea4                        . = ALIGN (0x4)

.preinit_array  0x08004ea4        0x0
                0x08004ea4                        . = ALIGN (0x4)
                0x08004ea4                        PROVIDE (__preinit_array_start = .)
 *(.preinit_array*)
                0x08004ea4                        PROVIDE (__preinit_array_end = .)
                0x08004ea4                        . = ALIGN (0x4)

.init_array     0x08004ea4        0x4
                0x08004ea4                        . = ALIGN (0x4)
                0x08004ea4                        PROVIDE (__init_array_start = .)
 *(SORT_BY_NAME(.init_array.*))
 *(.init_array*)
 .init_array    0x08004ea4        0x4 C:/ST/STM32CubeIDE_1.18.0/STM32CubeIDE/plugins/com.st.stm32cube.ide.mcu.externaltools.gnu-tools-for-stm32.13.3.rel1.win32_1.0.0.202411081344/tools/bin/../lib/gcc/arm-none-eabi/13.3.1/thumb/v7e-m+fp/hard/crtbegin.o
                0x08004ea8                        PROVIDE (__init_array_end = .)
                0x08004ea8                        . = ALIGN (0x4)

.fini_array     0x08004ea8        0x4
                0x08004ea8                        . = ALIGN (0x4)
                [!provide]                        PROVIDE (__fini_array_start = .)
 *(SORT_BY_NAME(.fini_array.*))
 *(.fini_array*)
 .fini_array    0x08004ea8        0x4 C:/ST/STM32CubeIDE_1.18.0/STM32CubeIDE/plugins/com.st.stm32cube.ide.mcu.externaltools.gnu-tools-for-stm32.13.3.rel1.win32_1.0.0.202411081344/tools/bin/../lib/gcc/arm-none-eabi/13.3.1/thumb/v7e-m+fp/hard/crtbegin.o
                [!provide]                        PROVIDE (__fini_array_end = .)
                0x08004eac                        . = ALIGN (0x4)
                0x08004eac                        _sidata = LOADADDR (.data)

.rel.dyn        0x08004eac        0x0
 .rel.iplt      0x08004eac        0x0 C:/ST/STM32CubeIDE_1.18.0/STM32CubeIDE/plugins/com.st.stm32cube.ide.mcu.externaltools.gnu-tools-for-stm32.13.3.rel1.win32_1.0.0.202411081344/tools/bin/../lib/gcc/arm-none-eabi/13.3.1/thumb/v7e-m+fp/hard/crtbegin.o

.data           0x20000000       0x6c load address 0x08004eac
                0x20000000                        . = ALIGN (0x4)
                0x20000000                        _sdata = .
 *(.data)
 *(.data*)
 .data.SystemCoreClock
                0x20000000        0x4 ./Core/Src/system_stm32f4xx.o
                0x20000000                SystemCoreClock
 .data.uwTickPrio
                0x20000004        0x4 ./Drivers/STM32F4xx_HAL_Driver/Src/stm32f4xx_hal.o
                0x20000004                uwTickPrio
 .data.uwTickFreq
                0x20000008        0x1 ./Drivers/STM32F4xx_HAL_Driver/Src/stm32f4xx_hal.o
                0x20000008                uwTickFreq
 *fill*         0x20000009        0x3 
 .data.uxCriticalNesting
                0x2000000c        0x4 ./FreeRTOSv2024/portable/GCC/ARM_CM4F/port.o
 .data.__sglue  0x20000010        0xc C:/ST/STM32CubeIDE_1.18.0/STM32CubeIDE/plugins/com.st.stm32cube.ide.mcu.externaltools.gnu-tools-for-stm32.13.3.rel1.win32_1.0.0.202411081344/tools/bin/../lib/gcc/arm-none-eabi/13.3.1/../../../../arm-none-eabi/lib/thumb/v7e-m+fp/hard\libc_nano.a(libc_a-findfp.o)
                0x20000010                __sglue
 .data._impure_ptr
                0x2000001c        0x4 C:/ST/STM32CubeIDE_1.18.0/STM32CubeIDE/plugins/com.st.stm32cube.ide.mcu.externaltools.gnu-tools-for-stm32.13.3.rel1.win32_1.0.0.202411081344/tools/bin/../lib/gcc/arm-none-eabi/13.3.1/../../../../arm-none-eabi/lib/thumb/v7e-m+fp/hard\libc_nano.a(libc_a-impure.o)
                0x2000001c                _impure_ptr
 .data._impure_data
                0x20000020       0x4c C:/ST/STM32CubeIDE_1.18.0/STM32CubeIDE/plugins/com.st.stm32cube.ide.mcu.externaltools.gnu-tools-for-stm32.13.3.rel1.win32_1.0.0.202411081344/tools/bin/../lib/gcc/arm-none-eabi/13.3.1/../../../../arm-none-eabi/lib/thumb/v7e-m+fp/hard\libc_nano.a(libc_a-impure.o)
                0x20000020                _impure_data
 *(.RamFunc)
 *(.RamFunc*)
                0x2000006c                        . = ALIGN (0x4)
                0x2000006c                        _edata = .

.igot.plt       0x2000006c        0x0 load address 0x08004f18
 .igot.plt      0x2000006c        0x0 C:/ST/STM32CubeIDE_1.18.0/STM32CubeIDE/plugins/com.st.stm32cube.ide.mcu.externaltools.gnu-tools-for-stm32.13.3.rel1.win32_1.0.0.202411081344/tools/bin/../lib/gcc/arm-none-eabi/13.3.1/thumb/v7e-m+fp/hard/crtbegin.o
                0x2000006c                        . = ALIGN (0x4)

.bss            0x2000006c    0x12f70 load address 0x08004f18
                0x2000006c                        _sbss = .
                0x2000006c                        __bss_start__ = _sbss
 *(.bss)
 .bss           0x2000006c       0x1c C:/ST/STM32CubeIDE_1.18.0/STM32CubeIDE/plugins/com.st.stm32cube.ide.mcu.externaltools.gnu-tools-for-stm32.13.3.rel1.win32_1.0.0.202411081344/tools/bin/../lib/gcc/arm-none-eabi/13.3.1/thumb/v7e-m+fp/hard/crtbegin.o
 *(.bss*)
 .bss.adc       0x20000088       0x48 ./Core/Src/main.o
 .bss.val       0x200000d0        0x4 ./Core/Src/main.o
                0x200000d0                val
 .bss.CapChargeHandle
                0x200000d4        0x4 ./Core/Src/main.o
                0x200000d4                CapChargeHandle
 .bss.AdcReadHandle
                0x200000d8        0x4 ./Core/Src/main.o
                0x200000d8                AdcReadHandle
 .bss.CapDischargeHandle
                0x200000dc        0x4 ./Core/Src/main.o
                0x200000dc                CapDischargeHandle
 .bss.LcdPrintHandle
                0x200000e0        0x4 ./Core/Src/main.o
                0x200000e0                LcdPrintHandle
 .bss.__sbrk_heap_end
                0x200000e4        0x4 ./Core/Src/sysmem.o
 .bss.uwTick    0x200000e8        0x4 ./Drivers/STM32F4xx_HAL_Driver/Src/stm32f4xx_hal.o
                0x200000e8                uwTick
 .bss.xQueueRegistry
                0x200000ec       0x40 ./FreeRTOSv2024/queue.o
                0x200000ec                xQueueRegistry
 .bss.pxCurrentTCB
                0x2000012c        0x4 ./FreeRTOSv2024/tasks.o
                0x2000012c                pxCurrentTCB
 .bss.pxReadyTasksLists
                0x20000130       0x64 ./FreeRTOSv2024/tasks.o
 .bss.xDelayedTaskList1
                0x20000194       0x14 ./FreeRTOSv2024/tasks.o
 .bss.xDelayedTaskList2
                0x200001a8       0x14 ./FreeRTOSv2024/tasks.o
 .bss.pxDelayedTaskList
                0x200001bc        0x4 ./FreeRTOSv2024/tasks.o
 .bss.pxOverflowDelayedTaskList
                0x200001c0        0x4 ./FreeRTOSv2024/tasks.o
 .bss.xPendingReadyList
                0x200001c4       0x14 ./FreeRTOSv2024/tasks.o
 .bss.xTasksWaitingTermination
                0x200001d8       0x14 ./FreeRTOSv2024/tasks.o
 .bss.uxDeletedTasksWaitingCleanUp
                0x200001ec        0x4 ./FreeRTOSv2024/tasks.o
 .bss.xSuspendedTaskList
                0x200001f0       0x14 ./FreeRTOSv2024/tasks.o
 .bss.uxCurrentNumberOfTasks
                0x20000204        0x4 ./FreeRTOSv2024/tasks.o
 .bss.xTickCount
                0x20000208        0x4 ./FreeRTOSv2024/tasks.o
 .bss.uxTopReadyPriority
                0x2000020c        0x4 ./FreeRTOSv2024/tasks.o
 .bss.xSchedulerRunning
                0x20000210        0x4 ./FreeRTOSv2024/tasks.o
 .bss.xPendedTicks
                0x20000214        0x4 ./FreeRTOSv2024/tasks.o
 .bss.xYieldPendings
                0x20000218        0x4 ./FreeRTOSv2024/tasks.o
 .bss.xNumOfOverflows
                0x2000021c        0x4 ./FreeRTOSv2024/tasks.o
 .bss.uxTaskNumber
                0x20000220        0x4 ./FreeRTOSv2024/tasks.o
 .bss.xNextTaskUnblockTime
                0x20000224        0x4 ./FreeRTOSv2024/tasks.o
 .bss.xIdleTaskHandles
                0x20000228        0x4 ./FreeRTOSv2024/tasks.o
 .bss.uxSchedulerSuspended
                0x2000022c        0x4 ./FreeRTOSv2024/tasks.o
 .bss.xActiveTimerList1
                0x20000230       0x14 ./FreeRTOSv2024/timers.o
 .bss.xActiveTimerList2
                0x20000244       0x14 ./FreeRTOSv2024/timers.o
 .bss.pxCurrentTimerList
                0x20000258        0x4 ./FreeRTOSv2024/timers.o
 .bss.pxOverflowTimerList
                0x2000025c        0x4 ./FreeRTOSv2024/timers.o
 .bss.xTimerQueue
                0x20000260        0x4 ./FreeRTOSv2024/timers.o
 .bss.xTimerTaskHandle
                0x20000264        0x4 ./FreeRTOSv2024/timers.o
 .bss.xLastTime.0
                0x20000268        0x4 ./FreeRTOSv2024/timers.o
 .bss.ucMaxSysCallPriority
                0x2000026c        0x1 ./FreeRTOSv2024/portable/GCC/ARM_CM4F/port.o
 *fill*         0x2000026d        0x3 
 .bss.ulMaxPRIGROUPValue
                0x20000270        0x4 ./FreeRTOSv2024/portable/GCC/ARM_CM4F/port.o
 .bss.ucHeap    0x20000274    0x12c00 ./FreeRTOSv2024/portable/MemMang/heap_4.o
 .bss.xStart    0x20012e74        0x8 ./FreeRTOSv2024/portable/MemMang/heap_4.o
 .bss.pxEnd     0x20012e7c        0x4 ./FreeRTOSv2024/portable/MemMang/heap_4.o
 .bss.xFreeBytesRemaining
                0x20012e80        0x4 ./FreeRTOSv2024/portable/MemMang/heap_4.o
 .bss.xMinimumEverFreeBytesRemaining
                0x20012e84        0x4 ./FreeRTOSv2024/portable/MemMang/heap_4.o
 .bss.xNumberOfSuccessfulAllocations
                0x20012e88        0x4 ./FreeRTOSv2024/portable/MemMang/heap_4.o
 .bss.xNumberOfSuccessfulFrees
                0x20012e8c        0x4 ./FreeRTOSv2024/portable/MemMang/heap_4.o
 .bss.__sf      0x20012e90      0x138 C:/ST/STM32CubeIDE_1.18.0/STM32CubeIDE/plugins/com.st.stm32cube.ide.mcu.externaltools.gnu-tools-for-stm32.13.3.rel1.win32_1.0.0.202411081344/tools/bin/../lib/gcc/arm-none-eabi/13.3.1/../../../../arm-none-eabi/lib/thumb/v7e-m+fp/hard\libc_nano.a(libc_a-findfp.o)
                0x20012e90                __sf
 .bss.__stdio_exit_handler
                0x20012fc8        0x4 C:/ST/STM32CubeIDE_1.18.0/STM32CubeIDE/plugins/com.st.stm32cube.ide.mcu.externaltools.gnu-tools-for-stm32.13.3.rel1.win32_1.0.0.202411081344/tools/bin/../lib/gcc/arm-none-eabi/13.3.1/../../../../arm-none-eabi/lib/thumb/v7e-m+fp/hard\libc_nano.a(libc_a-findfp.o)
                0x20012fc8                __stdio_exit_handler
 .bss.errno     0x20012fcc        0x4 C:/ST/STM32CubeIDE_1.18.0/STM32CubeIDE/plugins/com.st.stm32cube.ide.mcu.externaltools.gnu-tools-for-stm32.13.3.rel1.win32_1.0.0.202411081344/tools/bin/../lib/gcc/arm-none-eabi/13.3.1/../../../../arm-none-eabi/lib/thumb/v7e-m+fp/hard\libc_nano.a(libc_a-reent.o)
                0x20012fcc                errno
 .bss.__lock___malloc_recursive_mutex
                0x20012fd0        0x1 C:/ST/STM32CubeIDE_1.18.0/STM32CubeIDE/plugins/com.st.stm32cube.ide.mcu.externaltools.gnu-tools-for-stm32.13.3.rel1.win32_1.0.0.202411081344/tools/bin/../lib/gcc/arm-none-eabi/13.3.1/../../../../arm-none-eabi/lib/thumb/v7e-m+fp/hard\libc_nano.a(libc_a-lock.o)
                0x20012fd0                __lock___malloc_recursive_mutex
 .bss.__lock___sfp_recursive_mutex
                0x20012fd1        0x1 C:/ST/STM32CubeIDE_1.18.0/STM32CubeIDE/plugins/com.st.stm32cube.ide.mcu.externaltools.gnu-tools-for-stm32.13.3.rel1.win32_1.0.0.202411081344/tools/bin/../lib/gcc/arm-none-eabi/13.3.1/../../../../arm-none-eabi/lib/thumb/v7e-m+fp/hard\libc_nano.a(libc_a-lock.o)
                0x20012fd1                __lock___sfp_recursive_mutex
 *fill*         0x20012fd2        0x2 
 .bss.__malloc_sbrk_start
                0x20012fd4        0x4 C:/ST/STM32CubeIDE_1.18.0/STM32CubeIDE/plugins/com.st.stm32cube.ide.mcu.externaltools.gnu-tools-for-stm32.13.3.rel1.win32_1.0.0.202411081344/tools/bin/../lib/gcc/arm-none-eabi/13.3.1/../../../../arm-none-eabi/lib/thumb/v7e-m+fp/hard\libc_nano.a(libc_a-mallocr.o)
                0x20012fd4                __malloc_sbrk_start
 .bss.__malloc_free_list
                0x20012fd8        0x4 C:/ST/STM32CubeIDE_1.18.0/STM32CubeIDE/plugins/com.st.stm32cube.ide.mcu.externaltools.gnu-tools-for-stm32.13.3.rel1.win32_1.0.0.202411081344/tools/bin/../lib/gcc/arm-none-eabi/13.3.1/../../../../arm-none-eabi/lib/thumb/v7e-m+fp/hard\libc_nano.a(libc_a-mallocr.o)
                0x20012fd8                __malloc_free_list
 *(COMMON)
                0x20012fdc                        . = ALIGN (0x4)
                0x20012fdc                        _ebss = .
                0x20012fdc                        __bss_end__ = _ebss

._user_heap_stack
                0x20012fdc      0x604 load address 0x08004f18
                0x20012fe0                        . = ALIGN (0x8)
 *fill*         0x20012fdc        0x4 
                [!provide]                        PROVIDE (end = .)
                0x20012fe0                        PROVIDE (_end = .)
                0x200131e0                        . = (. + _Min_Heap_Size)
 *fill*         0x20012fe0      0x200 
                0x200135e0                        . = (. + _Min_Stack_Size)
 *fill*         0x200131e0      0x400 
                0x200135e0                        . = ALIGN (0x8)

/DISCARD/
 libc.a(*)
 libm.a(*)
 libgcc.a(*)

.ARM.attributes
                0x00000000       0x30
 *(.ARM.attributes)
 .ARM.attributes
                0x00000000       0x22 C:/ST/STM32CubeIDE_1.18.0/STM32CubeIDE/plugins/com.st.stm32cube.ide.mcu.externaltools.gnu-tools-for-stm32.13.3.rel1.win32_1.0.0.202411081344/tools/bin/../lib/gcc/arm-none-eabi/13.3.1/thumb/v7e-m+fp/hard/crti.o
 .ARM.attributes
                0x00000022       0x34 C:/ST/STM32CubeIDE_1.18.0/STM32CubeIDE/plugins/com.st.stm32cube.ide.mcu.externaltools.gnu-tools-for-stm32.13.3.rel1.win32_1.0.0.202411081344/tools/bin/../lib/gcc/arm-none-eabi/13.3.1/thumb/v7e-m+fp/hard/crtbegin.o
 .ARM.attributes
                0x00000056       0x34 ./Core/Src/main.o
 .ARM.attributes
                0x0000008a       0x34 ./Core/Src/msp.o
 .ARM.attributes
                0x000000be       0x34 ./Core/Src/syscalls.o
 .ARM.attributes
                0x000000f2       0x34 ./Core/Src/sysmem.o
 .ARM.attributes
                0x00000126       0x34 ./Core/Src/system_stm32f4xx.o
 .ARM.attributes
                0x0000015a       0x21 ./Core/Startup/startup_stm32f411ceux.o
 .ARM.attributes
                0x0000017b       0x34 ./Drivers/STM32F4xx_HAL_Driver/Src/stm32f4xx_hal.o
 .ARM.attributes
                0x000001af       0x34 ./Drivers/STM32F4xx_HAL_Driver/Src/stm32f4xx_hal_adc.o
 .ARM.attributes
                0x000001e3       0x34 ./Drivers/STM32F4xx_HAL_Driver/Src/stm32f4xx_hal_cortex.o
 .ARM.attributes
                0x00000217       0x34 ./Drivers/STM32F4xx_HAL_Driver/Src/stm32f4xx_hal_gpio.o
 .ARM.attributes
                0x0000024b       0x34 ./FreeRTOSv2024/list.o
 .ARM.attributes
                0x0000027f       0x34 ./FreeRTOSv2024/queue.o
 .ARM.attributes
                0x000002b3       0x34 ./FreeRTOSv2024/tasks.o
 .ARM.attributes
                0x000002e7       0x34 ./FreeRTOSv2024/timers.o
 .ARM.attributes
                0x0000031b       0x34 ./FreeRTOSv2024/portable/GCC/ARM_CM4F/port.o
 .ARM.attributes
                0x0000034f       0x34 ./FreeRTOSv2024/portable/MemMang/heap_4.o
 .ARM.attributes
                0x00000383       0x34 C:/ST/STM32CubeIDE_1.18.0/STM32CubeIDE/plugins/com.st.stm32cube.ide.mcu.externaltools.gnu-tools-for-stm32.13.3.rel1.win32_1.0.0.202411081344/tools/bin/../lib/gcc/arm-none-eabi/13.3.1/../../../../arm-none-eabi/lib/thumb/v7e-m+fp/hard\libc_nano.a(libc_a-findfp.o)
 .ARM.attributes
                0x000003b7       0x34 C:/ST/STM32CubeIDE_1.18.0/STM32CubeIDE/plugins/com.st.stm32cube.ide.mcu.externaltools.gnu-tools-for-stm32.13.3.rel1.win32_1.0.0.202411081344/tools/bin/../lib/gcc/arm-none-eabi/13.3.1/../../../../arm-none-eabi/lib/thumb/v7e-m+fp/hard\libc_nano.a(libc_a-fwalk.o)
 .ARM.attributes
                0x000003eb       0x34 C:/ST/STM32CubeIDE_1.18.0/STM32CubeIDE/plugins/com.st.stm32cube.ide.mcu.externaltools.gnu-tools-for-stm32.13.3.rel1.win32_1.0.0.202411081344/tools/bin/../lib/gcc/arm-none-eabi/13.3.1/../../../../arm-none-eabi/lib/thumb/v7e-m+fp/hard\libc_nano.a(libc_a-printf.o)
 .ARM.attributes
                0x0000041f       0x34 C:/ST/STM32CubeIDE_1.18.0/STM32CubeIDE/plugins/com.st.stm32cube.ide.mcu.externaltools.gnu-tools-for-stm32.13.3.rel1.win32_1.0.0.202411081344/tools/bin/../lib/gcc/arm-none-eabi/13.3.1/../../../../arm-none-eabi/lib/thumb/v7e-m+fp/hard\libc_nano.a(libc_a-stdio.o)
 .ARM.attributes
                0x00000453       0x34 C:/ST/STM32CubeIDE_1.18.0/STM32CubeIDE/plugins/com.st.stm32cube.ide.mcu.externaltools.gnu-tools-for-stm32.13.3.rel1.win32_1.0.0.202411081344/tools/bin/../lib/gcc/arm-none-eabi/13.3.1/../../../../arm-none-eabi/lib/thumb/v7e-m+fp/hard\libc_nano.a(libc_a-memset.o)
 .ARM.attributes
                0x00000487       0x34 C:/ST/STM32CubeIDE_1.18.0/STM32CubeIDE/plugins/com.st.stm32cube.ide.mcu.externaltools.gnu-tools-for-stm32.13.3.rel1.win32_1.0.0.202411081344/tools/bin/../lib/gcc/arm-none-eabi/13.3.1/../../../../arm-none-eabi/lib/thumb/v7e-m+fp/hard\libc_nano.a(libc_a-closer.o)
 .ARM.attributes
                0x000004bb       0x34 C:/ST/STM32CubeIDE_1.18.0/STM32CubeIDE/plugins/com.st.stm32cube.ide.mcu.externaltools.gnu-tools-for-stm32.13.3.rel1.win32_1.0.0.202411081344/tools/bin/../lib/gcc/arm-none-eabi/13.3.1/../../../../arm-none-eabi/lib/thumb/v7e-m+fp/hard\libc_nano.a(libc_a-reent.o)
 .ARM.attributes
                0x000004ef       0x34 C:/ST/STM32CubeIDE_1.18.0/STM32CubeIDE/plugins/com.st.stm32cube.ide.mcu.externaltools.gnu-tools-for-stm32.13.3.rel1.win32_1.0.0.202411081344/tools/bin/../lib/gcc/arm-none-eabi/13.3.1/../../../../arm-none-eabi/lib/thumb/v7e-m+fp/hard\libc_nano.a(libc_a-impure.o)
 .ARM.attributes
                0x00000523       0x34 C:/ST/STM32CubeIDE_1.18.0/STM32CubeIDE/plugins/com.st.stm32cube.ide.mcu.externaltools.gnu-tools-for-stm32.13.3.rel1.win32_1.0.0.202411081344/tools/bin/../lib/gcc/arm-none-eabi/13.3.1/../../../../arm-none-eabi/lib/thumb/v7e-m+fp/hard\libc_nano.a(libc_a-lseekr.o)
 .ARM.attributes
                0x00000557       0x34 C:/ST/STM32CubeIDE_1.18.0/STM32CubeIDE/plugins/com.st.stm32cube.ide.mcu.externaltools.gnu-tools-for-stm32.13.3.rel1.win32_1.0.0.202411081344/tools/bin/../lib/gcc/arm-none-eabi/13.3.1/../../../../arm-none-eabi/lib/thumb/v7e-m+fp/hard\libc_nano.a(libc_a-readr.o)
 .ARM.attributes
                0x0000058b       0x34 C:/ST/STM32CubeIDE_1.18.0/STM32CubeIDE/plugins/com.st.stm32cube.ide.mcu.externaltools.gnu-tools-for-stm32.13.3.rel1.win32_1.0.0.202411081344/tools/bin/../lib/gcc/arm-none-eabi/13.3.1/../../../../arm-none-eabi/lib/thumb/v7e-m+fp/hard\libc_nano.a(libc_a-writer.o)
 .ARM.attributes
                0x000005bf       0x34 C:/ST/STM32CubeIDE_1.18.0/STM32CubeIDE/plugins/com.st.stm32cube.ide.mcu.externaltools.gnu-tools-for-stm32.13.3.rel1.win32_1.0.0.202411081344/tools/bin/../lib/gcc/arm-none-eabi/13.3.1/../../../../arm-none-eabi/lib/thumb/v7e-m+fp/hard\libc_nano.a(libc_a-errno.o)
 .ARM.attributes
                0x000005f3       0x34 C:/ST/STM32CubeIDE_1.18.0/STM32CubeIDE/plugins/com.st.stm32cube.ide.mcu.externaltools.gnu-tools-for-stm32.13.3.rel1.win32_1.0.0.202411081344/tools/bin/../lib/gcc/arm-none-eabi/13.3.1/../../../../arm-none-eabi/lib/thumb/v7e-m+fp/hard\libc_nano.a(libc_a-init.o)
 .ARM.attributes
                0x00000627       0x34 C:/ST/STM32CubeIDE_1.18.0/STM32CubeIDE/plugins/com.st.stm32cube.ide.mcu.externaltools.gnu-tools-for-stm32.13.3.rel1.win32_1.0.0.202411081344/tools/bin/../lib/gcc/arm-none-eabi/13.3.1/../../../../arm-none-eabi/lib/thumb/v7e-m+fp/hard\libc_nano.a(libc_a-lock.o)
 .ARM.attributes
                0x0000065b       0x34 C:/ST/STM32CubeIDE_1.18.0/STM32CubeIDE/plugins/com.st.stm32cube.ide.mcu.externaltools.gnu-tools-for-stm32.13.3.rel1.win32_1.0.0.202411081344/tools/bin/../lib/gcc/arm-none-eabi/13.3.1/../../../../arm-none-eabi/lib/thumb/v7e-m+fp/hard\libc_nano.a(libc_a-memcpy-stub.o)
 .ARM.attributes
                0x0000068f       0x34 C:/ST/STM32CubeIDE_1.18.0/STM32CubeIDE/plugins/com.st.stm32cube.ide.mcu.externaltools.gnu-tools-for-stm32.13.3.rel1.win32_1.0.0.202411081344/tools/bin/../lib/gcc/arm-none-eabi/13.3.1/../../../../arm-none-eabi/lib/thumb/v7e-m+fp/hard\libc_nano.a(libc_a-freer.o)
 .ARM.attributes
                0x000006c3       0x34 C:/ST/STM32CubeIDE_1.18.0/STM32CubeIDE/plugins/com.st.stm32cube.ide.mcu.externaltools.gnu-tools-for-stm32.13.3.rel1.win32_1.0.0.202411081344/tools/bin/../lib/gcc/arm-none-eabi/13.3.1/../../../../arm-none-eabi/lib/thumb/v7e-m+fp/hard\libc_nano.a(libc_a-mallocr.o)
 .ARM.attributes
                0x000006f7       0x34 C:/ST/STM32CubeIDE_1.18.0/STM32CubeIDE/plugins/com.st.stm32cube.ide.mcu.externaltools.gnu-tools-for-stm32.13.3.rel1.win32_1.0.0.202411081344/tools/bin/../lib/gcc/arm-none-eabi/13.3.1/../../../../arm-none-eabi/lib/thumb/v7e-m+fp/hard\libc_nano.a(libc_a-mlock.o)
 .ARM.attributes
                0x0000072b       0x34 C:/ST/STM32CubeIDE_1.18.0/STM32CubeIDE/plugins/com.st.stm32cube.ide.mcu.externaltools.gnu-tools-for-stm32.13.3.rel1.win32_1.0.0.202411081344/tools/bin/../lib/gcc/arm-none-eabi/13.3.1/../../../../arm-none-eabi/lib/thumb/v7e-m+fp/hard\libc_nano.a(libc_a-nano-vfprintf.o)
 .ARM.attributes
                0x0000075f       0x34 C:/ST/STM32CubeIDE_1.18.0/STM32CubeIDE/plugins/com.st.stm32cube.ide.mcu.externaltools.gnu-tools-for-stm32.13.3.rel1.win32_1.0.0.202411081344/tools/bin/../lib/gcc/arm-none-eabi/13.3.1/../../../../arm-none-eabi/lib/thumb/v7e-m+fp/hard\libc_nano.a(libc_a-nano-vfprintf_i.o)
 .ARM.attributes
                0x00000793       0x34 C:/ST/STM32CubeIDE_1.18.0/STM32CubeIDE/plugins/com.st.stm32cube.ide.mcu.externaltools.gnu-tools-for-stm32.13.3.rel1.win32_1.0.0.202411081344/tools/bin/../lib/gcc/arm-none-eabi/13.3.1/../../../../arm-none-eabi/lib/thumb/v7e-m+fp/hard\libc_nano.a(libc_a-fflush.o)
 .ARM.attributes
                0x000007c7       0x34 C:/ST/STM32CubeIDE_1.18.0/STM32CubeIDE/plugins/com.st.stm32cube.ide.mcu.externaltools.gnu-tools-for-stm32.13.3.rel1.win32_1.0.0.202411081344/tools/bin/../lib/gcc/arm-none-eabi/13.3.1/../../../../arm-none-eabi/lib/thumb/v7e-m+fp/hard\libc_nano.a(libc_a-wbuf.o)
 .ARM.attributes
                0x000007fb       0x34 C:/ST/STM32CubeIDE_1.18.0/STM32CubeIDE/plugins/com.st.stm32cube.ide.mcu.externaltools.gnu-tools-for-stm32.13.3.rel1.win32_1.0.0.202411081344/tools/bin/../lib/gcc/arm-none-eabi/13.3.1/../../../../arm-none-eabi/lib/thumb/v7e-m+fp/hard\libc_nano.a(libc_a-wsetup.o)
 .ARM.attributes
                0x0000082f       0x34 C:/ST/STM32CubeIDE_1.18.0/STM32CubeIDE/plugins/com.st.stm32cube.ide.mcu.externaltools.gnu-tools-for-stm32.13.3.rel1.win32_1.0.0.202411081344/tools/bin/../lib/gcc/arm-none-eabi/13.3.1/../../../../arm-none-eabi/lib/thumb/v7e-m+fp/hard\libc_nano.a(libc_a-sbrkr.o)
 .ARM.attributes
                0x00000863       0x1c C:/ST/STM32CubeIDE_1.18.0/STM32CubeIDE/plugins/com.st.stm32cube.ide.mcu.externaltools.gnu-tools-for-stm32.13.3.rel1.win32_1.0.0.202411081344/tools/bin/../lib/gcc/arm-none-eabi/13.3.1/../../../../arm-none-eabi/lib/thumb/v7e-m+fp/hard\libc_nano.a(libc_a-memchr.o)
 .ARM.attributes
                0x0000087f       0x34 C:/ST/STM32CubeIDE_1.18.0/STM32CubeIDE/plugins/com.st.stm32cube.ide.mcu.externaltools.gnu-tools-for-stm32.13.3.rel1.win32_1.0.0.202411081344/tools/bin/../lib/gcc/arm-none-eabi/13.3.1/../../../../arm-none-eabi/lib/thumb/v7e-m+fp/hard\libc_nano.a(libc_a-makebuf.o)
 .ARM.attributes
                0x000008b3       0x34 C:/ST/STM32CubeIDE_1.18.0/STM32CubeIDE/plugins/com.st.stm32cube.ide.mcu.externaltools.gnu-tools-for-stm32.13.3.rel1.win32_1.0.0.202411081344/tools/bin/../lib/gcc/arm-none-eabi/13.3.1/../../../../arm-none-eabi/lib/thumb/v7e-m+fp/hard\libc_nano.a(libc_a-fstatr.o)
 .ARM.attributes
                0x000008e7       0x34 C:/ST/STM32CubeIDE_1.18.0/STM32CubeIDE/plugins/com.st.stm32cube.ide.mcu.externaltools.gnu-tools-for-stm32.13.3.rel1.win32_1.0.0.202411081344/tools/bin/../lib/gcc/arm-none-eabi/13.3.1/../../../../arm-none-eabi/lib/thumb/v7e-m+fp/hard\libc_nano.a(libc_a-isattyr.o)
 .ARM.attributes
                0x0000091b       0x22 C:/ST/STM32CubeIDE_1.18.0/STM32CubeIDE/plugins/com.st.stm32cube.ide.mcu.externaltools.gnu-tools-for-stm32.13.3.rel1.win32_1.0.0.202411081344/tools/bin/../lib/gcc/arm-none-eabi/13.3.1/thumb/v7e-m+fp/hard/crtn.o
OUTPUT(Cap_based_sensing.elf elf32-littlearm)
LOAD linker stubs
LOAD C:/ST/STM32CubeIDE_1.18.0/STM32CubeIDE/plugins/com.st.stm32cube.ide.mcu.externaltools.gnu-tools-for-stm32.13.3.rel1.win32_1.0.0.202411081344/tools/bin/../lib/gcc/arm-none-eabi/13.3.1/../../../../arm-none-eabi/lib/thumb/v7e-m+fp/hard\libc.a
LOAD C:/ST/STM32CubeIDE_1.18.0/STM32CubeIDE/plugins/com.st.stm32cube.ide.mcu.externaltools.gnu-tools-for-stm32.13.3.rel1.win32_1.0.0.202411081344/tools/bin/../lib/gcc/arm-none-eabi/13.3.1/../../../../arm-none-eabi/lib/thumb/v7e-m+fp/hard\libm.a
LOAD C:/ST/STM32CubeIDE_1.18.0/STM32CubeIDE/plugins/com.st.stm32cube.ide.mcu.externaltools.gnu-tools-for-stm32.13.3.rel1.win32_1.0.0.202411081344/tools/bin/../lib/gcc/arm-none-eabi/13.3.1/thumb/v7e-m+fp/hard\libgcc.a

.debug_info     0x00000000     0xa574
 .debug_info    0x00000000      0xdc8 ./Core/Src/main.o
 .debug_info    0x00000dc8      0x291 ./Core/Src/msp.o
 .debug_info    0x00001059      0x6d1 ./Core/Src/syscalls.o
 .debug_info    0x0000172a      0x168 ./Core/Src/sysmem.o
 .debug_info    0x00001892      0x53e ./Core/Src/system_stm32f4xx.o
 .debug_info    0x00001dd0       0x30 ./Core/Startup/startup_stm32f411ceux.o
 .debug_info    0x00001e00      0x8c4 ./Drivers/STM32F4xx_HAL_Driver/Src/stm32f4xx_hal.o
 .debug_info    0x000026c4      0xce0 ./Drivers/STM32F4xx_HAL_Driver/Src/stm32f4xx_hal_adc.o
 .debug_info    0x000033a4      0xcfc ./Drivers/STM32F4xx_HAL_Driver/Src/stm32f4xx_hal_cortex.o
 .debug_info    0x000040a0      0x6f9 ./Drivers/STM32F4xx_HAL_Driver/Src/stm32f4xx_hal_gpio.o
 .debug_info    0x00004799      0x2aa ./FreeRTOSv2024/list.o
 .debug_info    0x00004a43     0x18a3 ./FreeRTOSv2024/queue.o
 .debug_info    0x000062e6     0x27e0 ./FreeRTOSv2024/tasks.o
 .debug_info    0x00008ac6      0xf06 ./FreeRTOSv2024/timers.o
 .debug_info    0x000099cc      0x5cf ./FreeRTOSv2024/portable/GCC/ARM_CM4F/port.o
 .debug_info    0x00009f9b      0x5d9 ./FreeRTOSv2024/portable/MemMang/heap_4.o

.debug_abbrev   0x00000000     0x1fc6
 .debug_abbrev  0x00000000      0x2bf ./Core/Src/main.o
 .debug_abbrev  0x000002bf       0xd8 ./Core/Src/msp.o
 .debug_abbrev  0x00000397      0x1b1 ./Core/Src/syscalls.o
 .debug_abbrev  0x00000548       0xbc ./Core/Src/sysmem.o
 .debug_abbrev  0x00000604      0x11a ./Core/Src/system_stm32f4xx.o
 .debug_abbrev  0x0000071e       0x24 ./Core/Startup/startup_stm32f411ceux.o
 .debug_abbrev  0x00000742      0x24b ./Drivers/STM32F4xx_HAL_Driver/Src/stm32f4xx_hal.o
 .debug_abbrev  0x0000098d      0x20e ./Drivers/STM32F4xx_HAL_Driver/Src/stm32f4xx_hal_adc.o
 .debug_abbrev  0x00000b9b      0x31d ./Drivers/STM32F4xx_HAL_Driver/Src/stm32f4xx_hal_cortex.o
 .debug_abbrev  0x00000eb8      0x1d3 ./Drivers/STM32F4xx_HAL_Driver/Src/stm32f4xx_hal_gpio.o
 .debug_abbrev  0x0000108b       0xee ./FreeRTOSv2024/list.o
 .debug_abbrev  0x00001179      0x323 ./FreeRTOSv2024/queue.o
 .debug_abbrev  0x0000149c      0x396 ./FreeRTOSv2024/tasks.o
 .debug_abbrev  0x00001832      0x2f2 ./FreeRTOSv2024/timers.o
 .debug_abbrev  0x00001b24      0x248 ./FreeRTOSv2024/portable/GCC/ARM_CM4F/port.o
 .debug_abbrev  0x00001d6c      0x25a ./FreeRTOSv2024/portable/MemMang/heap_4.o

.debug_aranges  0x00000000      0xaa8
 .debug_aranges
                0x00000000       0x68 ./Core/Src/main.o
 .debug_aranges
                0x00000068       0x20 ./Core/Src/msp.o
 .debug_aranges
                0x00000088       0xb0 ./Core/Src/syscalls.o
 .debug_aranges
                0x00000138       0x20 ./Core/Src/sysmem.o
 .debug_aranges
                0x00000158       0x28 ./Core/Src/system_stm32f4xx.o
 .debug_aranges
                0x00000180       0x28 ./Core/Startup/startup_stm32f411ceux.o
 .debug_aranges
                0x000001a8       0xf0 ./Drivers/STM32F4xx_HAL_Driver/Src/stm32f4xx_hal.o
 .debug_aranges
                0x00000298       0xe8 ./Drivers/STM32F4xx_HAL_Driver/Src/stm32f4xx_hal_adc.o
 .debug_aranges
                0x00000380      0x130 ./Drivers/STM32F4xx_HAL_Driver/Src/stm32f4xx_hal_cortex.o
 .debug_aranges
                0x000004b0       0x58 ./Drivers/STM32F4xx_HAL_Driver/Src/stm32f4xx_hal_gpio.o
 .debug_aranges
                0x00000508       0x40 ./FreeRTOSv2024/list.o
 .debug_aranges
                0x00000548      0x140 ./FreeRTOSv2024/queue.o
 .debug_aranges
                0x00000688      0x238 ./FreeRTOSv2024/tasks.o
 .debug_aranges
                0x000008c0       0xf8 ./FreeRTOSv2024/timers.o
 .debug_aranges
                0x000009b8       0x88 ./FreeRTOSv2024/portable/GCC/ARM_CM4F/port.o
 .debug_aranges
                0x00000a40       0x68 ./FreeRTOSv2024/portable/MemMang/heap_4.o

.debug_rnglists
                0x00000000      0x80a
 .debug_rnglists
                0x00000000       0x4b ./Core/Src/main.o
 .debug_rnglists
                0x0000004b       0x13 ./Core/Src/msp.o
 .debug_rnglists
                0x0000005e       0x7f ./Core/Src/syscalls.o
 .debug_rnglists
                0x000000dd       0x13 ./Core/Src/sysmem.o
 .debug_rnglists
                0x000000f0       0x1a ./Core/Src/system_stm32f4xx.o
 .debug_rnglists
                0x0000010a       0x19 ./Core/Startup/startup_stm32f411ceux.o
 .debug_rnglists
                0x00000123       0xaf ./Drivers/STM32F4xx_HAL_Driver/Src/stm32f4xx_hal.o
 .debug_rnglists
                0x000001d2       0xb5 ./Drivers/STM32F4xx_HAL_Driver/Src/stm32f4xx_hal_adc.o
 .debug_rnglists
                0x00000287       0xe0 ./Drivers/STM32F4xx_HAL_Driver/Src/stm32f4xx_hal_cortex.o
 .debug_rnglists
                0x00000367       0x3f ./Drivers/STM32F4xx_HAL_Driver/Src/stm32f4xx_hal_gpio.o
 .debug_rnglists
                0x000003a6       0x2b ./FreeRTOSv2024/list.o
 .debug_rnglists
                0x000003d1       0xf8 ./FreeRTOSv2024/queue.o
 .debug_rnglists
                0x000004c9      0x1d5 ./FreeRTOSv2024/tasks.o
 .debug_rnglists
                0x0000069e       0xba ./FreeRTOSv2024/timers.o
 .debug_rnglists
                0x00000758       0x64 ./FreeRTOSv2024/portable/GCC/ARM_CM4F/port.o
 .debug_rnglists
                0x000007bc       0x4e ./FreeRTOSv2024/portable/MemMang/heap_4.o

.debug_macro    0x00000000    0x18a02
 .debug_macro   0x00000000      0x327 ./Core/Src/main.o
 .debug_macro   0x00000327      0x295 ./Core/Src/main.o
 .debug_macro   0x000005bc       0x2e ./Core/Src/main.o
 .debug_macro   0x000005ea       0x28 ./Core/Src/main.o
 .debug_macro   0x00000612       0x22 ./Core/Src/main.o
 .debug_macro   0x00000634       0x8e ./Core/Src/main.o
 .debug_macro   0x000006c2       0x51 ./Core/Src/main.o
 .debug_macro   0x00000713      0x103 ./Core/Src/main.o
 .debug_macro   0x00000816       0x6a ./Core/Src/main.o
 .debug_macro   0x00000880      0x1df ./Core/Src/main.o
 .debug_macro   0x00000a5f       0x1c ./Core/Src/main.o
 .debug_macro   0x00000a7b       0x22 ./Core/Src/main.o
 .debug_macro   0x00000a9d       0xfb ./Core/Src/main.o
 .debug_macro   0x00000b98     0x1011 ./Core/Src/main.o
 .debug_macro   0x00001ba9      0x11f ./Core/Src/main.o
 .debug_macro   0x00001cc8     0xb968 ./Core/Src/main.o
 .debug_macro   0x0000d630       0x6d ./Core/Src/main.o
 .debug_macro   0x0000d69d     0x3693 ./Core/Src/main.o
 .debug_macro   0x00010d30      0x190 ./Core/Src/main.o
 .debug_macro   0x00010ec0       0x5c ./Core/Src/main.o
 .debug_macro   0x00010f1c      0x45c ./Core/Src/main.o
 .debug_macro   0x00011378      0x9e9 ./Core/Src/main.o
 .debug_macro   0x00011d61      0x115 ./Core/Src/main.o
 .debug_macro   0x00011e76      0x11b ./Core/Src/main.o
 .debug_macro   0x00011f91       0xa5 ./Core/Src/main.o
 .debug_macro   0x00012036      0x15f ./Core/Src/main.o
 .debug_macro   0x00012195      0x287 ./Core/Src/main.o
 .debug_macro   0x0001241c       0x5f ./Core/Src/main.o
 .debug_macro   0x0001247b      0x236 ./Core/Src/main.o
 .debug_macro   0x000126b1      0x9e1 ./Core/Src/main.o
 .debug_macro   0x00013092      0x38b ./Core/Src/main.o
 .debug_macro   0x0001341d      0x17d ./Core/Src/main.o
 .debug_macro   0x0001359a       0xf9 ./Core/Src/main.o
 .debug_macro   0x00013693      0x132 ./Core/Src/main.o
 .debug_macro   0x000137c5      0x264 ./Core/Src/main.o
 .debug_macro   0x00013a29       0x2e ./Core/Src/main.o
 .debug_macro   0x00013a57      0x127 ./Core/Src/main.o
 .debug_macro   0x00013b7e       0x85 ./Core/Src/main.o
 .debug_macro   0x00013c03       0x89 ./Core/Src/main.o
 .debug_macro   0x00013c8c      0x126 ./Core/Src/main.o
 .debug_macro   0x00013db2       0x16 ./Core/Src/main.o
 .debug_macro   0x00013dc8      0x113 ./Core/Src/main.o
 .debug_macro   0x00013edb       0x1c ./Core/Src/main.o
 .debug_macro   0x00013ef7      0x182 ./Core/Src/main.o
 .debug_macro   0x00014079       0xee ./Core/Src/main.o
 .debug_macro   0x00014167       0x2e ./Core/Src/main.o
 .debug_macro   0x00014195       0x1f ./Core/Src/main.o
 .debug_macro   0x000141b4       0x12 ./Core/Src/main.o
 .debug_macro   0x000141c6     0x10e1 ./Core/Src/main.o
 .debug_macro   0x000152a7       0xc3 ./Core/Src/main.o
 .debug_macro   0x0001536a      0x14f ./Core/Src/main.o
 .debug_macro   0x000154b9       0x61 ./Core/Src/main.o
 .debug_macro   0x0001551a       0x2a ./Core/Src/main.o
 .debug_macro   0x00015544       0x43 ./Core/Src/main.o
 .debug_macro   0x00015587       0x34 ./Core/Src/main.o
 .debug_macro   0x000155bb       0x16 ./Core/Src/main.o
 .debug_macro   0x000155d1       0x3c ./Core/Src/main.o
 .debug_macro   0x0001560d      0x370 ./Core/Src/main.o
 .debug_macro   0x0001597d       0x10 ./Core/Src/main.o
 .debug_macro   0x0001598d       0x16 ./Core/Src/main.o
 .debug_macro   0x000159a3       0x4a ./Core/Src/main.o
 .debug_macro   0x000159ed       0x34 ./Core/Src/main.o
 .debug_macro   0x00015a21       0x10 ./Core/Src/main.o
 .debug_macro   0x00015a31       0x58 ./Core/Src/main.o
 .debug_macro   0x00015a89       0x8e ./Core/Src/main.o
 .debug_macro   0x00015b17       0x1c ./Core/Src/main.o
 .debug_macro   0x00015b33      0x185 ./Core/Src/main.o
 .debug_macro   0x00015cb8       0x16 ./Core/Src/main.o
 .debug_macro   0x00015cce       0x16 ./Core/Src/main.o
 .debug_macro   0x00015ce4      0x146 ./Core/Src/main.o
 .debug_macro   0x00015e2a      0x1d8 ./Core/Src/msp.o
 .debug_macro   0x00016002      0x286 ./Core/Src/syscalls.o
 .debug_macro   0x00016288       0x5b ./Core/Src/syscalls.o
 .debug_macro   0x000162e3       0x94 ./Core/Src/syscalls.o
 .debug_macro   0x00016377       0x57 ./Core/Src/syscalls.o
 .debug_macro   0x000163ce       0x10 ./Core/Src/syscalls.o
 .debug_macro   0x000163de       0x10 ./Core/Src/syscalls.o
 .debug_macro   0x000163ee       0x10 ./Core/Src/syscalls.o
 .debug_macro   0x000163fe       0x10 ./Core/Src/syscalls.o
 .debug_macro   0x0001640e       0x1c ./Core/Src/syscalls.o
 .debug_macro   0x0001642a       0x52 ./Core/Src/syscalls.o
 .debug_macro   0x0001647c       0x22 ./Core/Src/syscalls.o
 .debug_macro   0x0001649e       0x10 ./Core/Src/syscalls.o
 .debug_macro   0x000164ae       0x52 ./Core/Src/syscalls.o
 .debug_macro   0x00016500       0xcf ./Core/Src/syscalls.o
 .debug_macro   0x000165cf       0x1c ./Core/Src/syscalls.o
 .debug_macro   0x000165eb       0x3d ./Core/Src/syscalls.o
 .debug_macro   0x00016628       0x35 ./Core/Src/syscalls.o
 .debug_macro   0x0001665d      0x12c ./Core/Src/syscalls.o
 .debug_macro   0x00016789       0x16 ./Core/Src/syscalls.o
 .debug_macro   0x0001679f       0x16 ./Core/Src/syscalls.o
 .debug_macro   0x000167b5       0x29 ./Core/Src/syscalls.o
 .debug_macro   0x000167de       0x10 ./Core/Src/syscalls.o
 .debug_macro   0x000167ee      0x242 ./Core/Src/syscalls.o
 .debug_macro   0x00016a30       0x1c ./Core/Src/syscalls.o
 .debug_macro   0x00016a4c       0x10 ./Core/Src/syscalls.o
 .debug_macro   0x00016a5c      0x18a ./Core/Src/syscalls.o
 .debug_macro   0x00016be6       0x16 ./Core/Src/syscalls.o
 .debug_macro   0x00016bfc       0xce ./Core/Src/syscalls.o
 .debug_macro   0x00016cca      0x112 ./Core/Src/sysmem.o
 .debug_macro   0x00016ddc      0x23c ./Core/Src/sysmem.o
 .debug_macro   0x00017018      0x1d8 ./Core/Src/system_stm32f4xx.o
 .debug_macro   0x000171f0      0x238 ./Drivers/STM32F4xx_HAL_Driver/Src/stm32f4xx_hal.o
 .debug_macro   0x00017428      0x1d9 ./Drivers/STM32F4xx_HAL_Driver/Src/stm32f4xx_hal_adc.o
 .debug_macro   0x00017601      0x1d8 ./Drivers/STM32F4xx_HAL_Driver/Src/stm32f4xx_hal_cortex.o
 .debug_macro   0x000177d9      0x1de ./Drivers/STM32F4xx_HAL_Driver/Src/stm32f4xx_hal_gpio.o
 .debug_macro   0x000179b7      0x1a2 ./FreeRTOSv2024/list.o
 .debug_macro   0x00017b59      0x11c ./FreeRTOSv2024/list.o
 .debug_macro   0x00017c75       0x9b ./FreeRTOSv2024/list.o
 .debug_macro   0x00017d10      0x239 ./FreeRTOSv2024/queue.o
 .debug_macro   0x00017f49       0x16 ./FreeRTOSv2024/queue.o
 .debug_macro   0x00017f5f       0x20 ./FreeRTOSv2024/queue.o
 .debug_macro   0x00017f7f       0x80 ./FreeRTOSv2024/queue.o
 .debug_macro   0x00017fff      0x2bf ./FreeRTOSv2024/tasks.o
 .debug_macro   0x000182be       0x98 ./FreeRTOSv2024/tasks.o
 .debug_macro   0x00018356       0x17 ./FreeRTOSv2024/tasks.o
 .debug_macro   0x0001836d      0x1f1 ./FreeRTOSv2024/timers.o
 .debug_macro   0x0001855e       0x9e ./FreeRTOSv2024/timers.o
 .debug_macro   0x000185fc      0x1cf ./FreeRTOSv2024/portable/GCC/ARM_CM4F/port.o
 .debug_macro   0x000187cb      0x237 ./FreeRTOSv2024/portable/MemMang/heap_4.o

.debug_line     0x00000000     0xbccf
 .debug_line    0x00000000      0xb8f ./Core/Src/main.o
 .debug_line    0x00000b8f      0x72c ./Core/Src/msp.o
 .debug_line    0x000012bb      0x8eb ./Core/Src/syscalls.o
 .debug_line    0x00001ba6      0x588 ./Core/Src/sysmem.o
 .debug_line    0x0000212e      0x7ba ./Core/Src/system_stm32f4xx.o
 .debug_line    0x000028e8       0x7a ./Core/Startup/startup_stm32f411ceux.o
 .debug_line    0x00002962      0xa36 ./Drivers/STM32F4xx_HAL_Driver/Src/stm32f4xx_hal.o
 .debug_line    0x00003398     0x118d ./Drivers/STM32F4xx_HAL_Driver/Src/stm32f4xx_hal_adc.o
 .debug_line    0x00004525      0xd06 ./Drivers/STM32F4xx_HAL_Driver/Src/stm32f4xx_hal_cortex.o
 .debug_line    0x0000522b      0xb52 ./Drivers/STM32F4xx_HAL_Driver/Src/stm32f4xx_hal_gpio.o
 .debug_line    0x00005d7d      0x797 ./FreeRTOSv2024/list.o
 .debug_line    0x00006514     0x1687 ./FreeRTOSv2024/queue.o
 .debug_line    0x00007b9b     0x1fc9 ./FreeRTOSv2024/tasks.o
 .debug_line    0x00009b64      0xd56 ./FreeRTOSv2024/timers.o
 .debug_line    0x0000a8ba      0x8f5 ./FreeRTOSv2024/portable/GCC/ARM_CM4F/port.o
 .debug_line    0x0000b1af      0xb20 ./FreeRTOSv2024/portable/MemMang/heap_4.o

.debug_str      0x00000000    0x9ff05
 .debug_str     0x00000000    0x9ff05 ./Core/Src/main.o
                              0x984e1 (size before relaxing)
 .debug_str     0x0009ff05    0x89a85 ./Core/Src/msp.o
 .debug_str     0x0009ff05     0x9a72 ./Core/Src/syscalls.o
 .debug_str     0x0009ff05     0x7762 ./Core/Src/sysmem.o
 .debug_str     0x0009ff05    0x89b4d ./Core/Src/system_stm32f4xx.o
 .debug_str     0x0009ff05       0x64 ./Core/Startup/startup_stm32f411ceux.o
 .debug_str     0x0009ff05    0x8a579 ./Drivers/STM32F4xx_HAL_Driver/Src/stm32f4xx_hal.o
 .debug_str     0x0009ff05    0x8a128 ./Drivers/STM32F4xx_HAL_Driver/Src/stm32f4xx_hal_adc.o
 .debug_str     0x0009ff05    0x8a2e3 ./Drivers/STM32F4xx_HAL_Driver/Src/stm32f4xx_hal_cortex.o
 .debug_str     0x0009ff05    0x89cc8 ./Drivers/STM32F4xx_HAL_Driver/Src/stm32f4xx_hal_gpio.o
 .debug_str     0x0009ff05    0x10b86 ./FreeRTOSv2024/list.o
 .debug_str     0x0009ff05    0x134d0 ./FreeRTOSv2024/queue.o
 .debug_str     0x0009ff05    0x14426 ./FreeRTOSv2024/tasks.o
 .debug_str     0x0009ff05    0x13783 ./FreeRTOSv2024/timers.o
 .debug_str     0x0009ff05     0xf63e ./FreeRTOSv2024/portable/GCC/ARM_CM4F/port.o
 .debug_str     0x0009ff05    0x126dd ./FreeRTOSv2024/portable/MemMang/heap_4.o

.comment        0x00000000       0x43
 .comment       0x00000000       0x43 ./Core/Src/main.o
                                 0x44 (size before relaxing)
 .comment       0x00000043       0x44 ./Core/Src/msp.o
 .comment       0x00000043       0x44 ./Core/Src/syscalls.o
 .comment       0x00000043       0x44 ./Core/Src/sysmem.o
 .comment       0x00000043       0x44 ./Core/Src/system_stm32f4xx.o
 .comment       0x00000043       0x44 ./Drivers/STM32F4xx_HAL_Driver/Src/stm32f4xx_hal.o
 .comment       0x00000043       0x44 ./Drivers/STM32F4xx_HAL_Driver/Src/stm32f4xx_hal_adc.o
 .comment       0x00000043       0x44 ./Drivers/STM32F4xx_HAL_Driver/Src/stm32f4xx_hal_cortex.o
 .comment       0x00000043       0x44 ./Drivers/STM32F4xx_HAL_Driver/Src/stm32f4xx_hal_gpio.o
 .comment       0x00000043       0x44 ./FreeRTOSv2024/list.o
 .comment       0x00000043       0x44 ./FreeRTOSv2024/queue.o
 .comment       0x00000043       0x44 ./FreeRTOSv2024/tasks.o
 .comment       0x00000043       0x44 ./FreeRTOSv2024/timers.o
 .comment       0x00000043       0x44 ./FreeRTOSv2024/portable/GCC/ARM_CM4F/port.o
 .comment       0x00000043       0x44 ./FreeRTOSv2024/portable/MemMang/heap_4.o

.debug_frame    0x00000000     0x3238
 .debug_frame   0x00000000      0x15c ./Core/Src/main.o
 .debug_frame   0x0000015c       0x38 ./Core/Src/msp.o
 .debug_frame   0x00000194      0x2d4 ./Core/Src/syscalls.o
 .debug_frame   0x00000468       0x34 ./Core/Src/sysmem.o
 .debug_frame   0x0000049c       0x58 ./Core/Src/system_stm32f4xx.o
 .debug_frame   0x000004f4      0x374 ./Drivers/STM32F4xx_HAL_Driver/Src/stm32f4xx_hal.o
 .debug_frame   0x00000868      0x3fc ./Drivers/STM32F4xx_HAL_Driver/Src/stm32f4xx_hal_adc.o
 .debug_frame   0x00000c64      0x508 ./Drivers/STM32F4xx_HAL_Driver/Src/stm32f4xx_hal_cortex.o
 .debug_frame   0x0000116c      0x14c ./Drivers/STM32F4xx_HAL_Driver/Src/stm32f4xx_hal_gpio.o
 .debug_frame   0x000012b8       0xd8 ./FreeRTOSv2024/list.o
 .debug_frame   0x00001390      0x580 ./FreeRTOSv2024/queue.o
 .debug_frame   0x00001910      0x9dc ./FreeRTOSv2024/tasks.o
 .debug_frame   0x000022ec      0x40c ./FreeRTOSv2024/timers.o
 .debug_frame   0x000026f8      0x1d0 ./FreeRTOSv2024/portable/GCC/ARM_CM4F/port.o
 .debug_frame   0x000028c8      0x174 ./FreeRTOSv2024/portable/MemMang/heap_4.o
 .debug_frame   0x00002a3c      0x144 C:/ST/STM32CubeIDE_1.18.0/STM32CubeIDE/plugins/com.st.stm32cube.ide.mcu.externaltools.gnu-tools-for-stm32.13.3.rel1.win32_1.0.0.202411081344/tools/bin/../lib/gcc/arm-none-eabi/13.3.1/../../../../arm-none-eabi/lib/thumb/v7e-m+fp/hard\libc_nano.a(libc_a-findfp.o)
 .debug_frame   0x00002b80       0x34 C:/ST/STM32CubeIDE_1.18.0/STM32CubeIDE/plugins/com.st.stm32cube.ide.mcu.externaltools.gnu-tools-for-stm32.13.3.rel1.win32_1.0.0.202411081344/tools/bin/../lib/gcc/arm-none-eabi/13.3.1/../../../../arm-none-eabi/lib/thumb/v7e-m+fp/hard\libc_nano.a(libc_a-fwalk.o)
 .debug_frame   0x00002bb4       0x6c C:/ST/STM32CubeIDE_1.18.0/STM32CubeIDE/plugins/com.st.stm32cube.ide.mcu.externaltools.gnu-tools-for-stm32.13.3.rel1.win32_1.0.0.202411081344/tools/bin/../lib/gcc/arm-none-eabi/13.3.1/../../../../arm-none-eabi/lib/thumb/v7e-m+fp/hard\libc_nano.a(libc_a-printf.o)
 .debug_frame   0x00002c20       0x88 C:/ST/STM32CubeIDE_1.18.0/STM32CubeIDE/plugins/com.st.stm32cube.ide.mcu.externaltools.gnu-tools-for-stm32.13.3.rel1.win32_1.0.0.202411081344/tools/bin/../lib/gcc/arm-none-eabi/13.3.1/../../../../arm-none-eabi/lib/thumb/v7e-m+fp/hard\libc_nano.a(libc_a-stdio.o)
 .debug_frame   0x00002ca8       0x20 C:/ST/STM32CubeIDE_1.18.0/STM32CubeIDE/plugins/com.st.stm32cube.ide.mcu.externaltools.gnu-tools-for-stm32.13.3.rel1.win32_1.0.0.202411081344/tools/bin/../lib/gcc/arm-none-eabi/13.3.1/../../../../arm-none-eabi/lib/thumb/v7e-m+fp/hard\libc_nano.a(libc_a-memset.o)
 .debug_frame   0x00002cc8       0x2c C:/ST/STM32CubeIDE_1.18.0/STM32CubeIDE/plugins/com.st.stm32cube.ide.mcu.externaltools.gnu-tools-for-stm32.13.3.rel1.win32_1.0.0.202411081344/tools/bin/../lib/gcc/arm-none-eabi/13.3.1/../../../../arm-none-eabi/lib/thumb/v7e-m+fp/hard\libc_nano.a(libc_a-closer.o)
 .debug_frame   0x00002cf4       0x38 C:/ST/STM32CubeIDE_1.18.0/STM32CubeIDE/plugins/com.st.stm32cube.ide.mcu.externaltools.gnu-tools-for-stm32.13.3.rel1.win32_1.0.0.202411081344/tools/bin/../lib/gcc/arm-none-eabi/13.3.1/../../../../arm-none-eabi/lib/thumb/v7e-m+fp/hard\libc_nano.a(libc_a-reent.o)
 .debug_frame   0x00002d2c       0x2c C:/ST/STM32CubeIDE_1.18.0/STM32CubeIDE/plugins/com.st.stm32cube.ide.mcu.externaltools.gnu-tools-for-stm32.13.3.rel1.win32_1.0.0.202411081344/tools/bin/../lib/gcc/arm-none-eabi/13.3.1/../../../../arm-none-eabi/lib/thumb/v7e-m+fp/hard\libc_nano.a(libc_a-lseekr.o)
 .debug_frame   0x00002d58       0x2c C:/ST/STM32CubeIDE_1.18.0/STM32CubeIDE/plugins/com.st.stm32cube.ide.mcu.externaltools.gnu-tools-for-stm32.13.3.rel1.win32_1.0.0.202411081344/tools/bin/../lib/gcc/arm-none-eabi/13.3.1/../../../../arm-none-eabi/lib/thumb/v7e-m+fp/hard\libc_nano.a(libc_a-readr.o)
 .debug_frame   0x00002d84       0x2c C:/ST/STM32CubeIDE_1.18.0/STM32CubeIDE/plugins/com.st.stm32cube.ide.mcu.externaltools.gnu-tools-for-stm32.13.3.rel1.win32_1.0.0.202411081344/tools/bin/../lib/gcc/arm-none-eabi/13.3.1/../../../../arm-none-eabi/lib/thumb/v7e-m+fp/hard\libc_nano.a(libc_a-writer.o)
 .debug_frame   0x00002db0       0x20 C:/ST/STM32CubeIDE_1.18.0/STM32CubeIDE/plugins/com.st.stm32cube.ide.mcu.externaltools.gnu-tools-for-stm32.13.3.rel1.win32_1.0.0.202411081344/tools/bin/../lib/gcc/arm-none-eabi/13.3.1/../../../../arm-none-eabi/lib/thumb/v7e-m+fp/hard\libc_nano.a(libc_a-errno.o)
 .debug_frame   0x00002dd0       0x2c C:/ST/STM32CubeIDE_1.18.0/STM32CubeIDE/plugins/com.st.stm32cube.ide.mcu.externaltools.gnu-tools-for-stm32.13.3.rel1.win32_1.0.0.202411081344/tools/bin/../lib/gcc/arm-none-eabi/13.3.1/../../../../arm-none-eabi/lib/thumb/v7e-m+fp/hard\libc_nano.a(libc_a-init.o)
 .debug_frame   0x00002dfc       0xb0 C:/ST/STM32CubeIDE_1.18.0/STM32CubeIDE/plugins/com.st.stm32cube.ide.mcu.externaltools.gnu-tools-for-stm32.13.3.rel1.win32_1.0.0.202411081344/tools/bin/../lib/gcc/arm-none-eabi/13.3.1/../../../../arm-none-eabi/lib/thumb/v7e-m+fp/hard\libc_nano.a(libc_a-lock.o)
 .debug_frame   0x00002eac       0x28 C:/ST/STM32CubeIDE_1.18.0/STM32CubeIDE/plugins/com.st.stm32cube.ide.mcu.externaltools.gnu-tools-for-stm32.13.3.rel1.win32_1.0.0.202411081344/tools/bin/../lib/gcc/arm-none-eabi/13.3.1/../../../../arm-none-eabi/lib/thumb/v7e-m+fp/hard\libc_nano.a(libc_a-memcpy-stub.o)
 .debug_frame   0x00002ed4       0x38 C:/ST/STM32CubeIDE_1.18.0/STM32CubeIDE/plugins/com.st.stm32cube.ide.mcu.externaltools.gnu-tools-for-stm32.13.3.rel1.win32_1.0.0.202411081344/tools/bin/../lib/gcc/arm-none-eabi/13.3.1/../../../../arm-none-eabi/lib/thumb/v7e-m+fp/hard\libc_nano.a(libc_a-freer.o)
 .debug_frame   0x00002f0c       0x50 C:/ST/STM32CubeIDE_1.18.0/STM32CubeIDE/plugins/com.st.stm32cube.ide.mcu.externaltools.gnu-tools-for-stm32.13.3.rel1.win32_1.0.0.202411081344/tools/bin/../lib/gcc/arm-none-eabi/13.3.1/../../../../arm-none-eabi/lib/thumb/v7e-m+fp/hard\libc_nano.a(libc_a-mallocr.o)
 .debug_frame   0x00002f5c       0x30 C:/ST/STM32CubeIDE_1.18.0/STM32CubeIDE/plugins/com.st.stm32cube.ide.mcu.externaltools.gnu-tools-for-stm32.13.3.rel1.win32_1.0.0.202411081344/tools/bin/../lib/gcc/arm-none-eabi/13.3.1/../../../../arm-none-eabi/lib/thumb/v7e-m+fp/hard\libc_nano.a(libc_a-mlock.o)
 .debug_frame   0x00002f8c       0xa8 C:/ST/STM32CubeIDE_1.18.0/STM32CubeIDE/plugins/com.st.stm32cube.ide.mcu.externaltools.gnu-tools-for-stm32.13.3.rel1.win32_1.0.0.202411081344/tools/bin/../lib/gcc/arm-none-eabi/13.3.1/../../../../arm-none-eabi/lib/thumb/v7e-m+fp/hard\libc_nano.a(libc_a-nano-vfprintf.o)
 .debug_frame   0x00003034       0x60 C:/ST/STM32CubeIDE_1.18.0/STM32CubeIDE/plugins/com.st.stm32cube.ide.mcu.externaltools.gnu-tools-for-stm32.13.3.rel1.win32_1.0.0.202411081344/tools/bin/../lib/gcc/arm-none-eabi/13.3.1/../../../../arm-none-eabi/lib/thumb/v7e-m+fp/hard\libc_nano.a(libc_a-nano-vfprintf_i.o)
 .debug_frame   0x00003094       0x5c C:/ST/STM32CubeIDE_1.18.0/STM32CubeIDE/plugins/com.st.stm32cube.ide.mcu.externaltools.gnu-tools-for-stm32.13.3.rel1.win32_1.0.0.202411081344/tools/bin/../lib/gcc/arm-none-eabi/13.3.1/../../../../arm-none-eabi/lib/thumb/v7e-m+fp/hard\libc_nano.a(libc_a-fflush.o)
 .debug_frame   0x000030f0       0x40 C:/ST/STM32CubeIDE_1.18.0/STM32CubeIDE/plugins/com.st.stm32cube.ide.mcu.externaltools.gnu-tools-for-stm32.13.3.rel1.win32_1.0.0.202411081344/tools/bin/../lib/gcc/arm-none-eabi/13.3.1/../../../../arm-none-eabi/lib/thumb/v7e-m+fp/hard\libc_nano.a(libc_a-wbuf.o)
 .debug_frame   0x00003130       0x2c C:/ST/STM32CubeIDE_1.18.0/STM32CubeIDE/plugins/com.st.stm32cube.ide.mcu.externaltools.gnu-tools-for-stm32.13.3.rel1.win32_1.0.0.202411081344/tools/bin/../lib/gcc/arm-none-eabi/13.3.1/../../../../arm-none-eabi/lib/thumb/v7e-m+fp/hard\libc_nano.a(libc_a-wsetup.o)
 .debug_frame   0x0000315c       0x2c C:/ST/STM32CubeIDE_1.18.0/STM32CubeIDE/plugins/com.st.stm32cube.ide.mcu.externaltools.gnu-tools-for-stm32.13.3.rel1.win32_1.0.0.202411081344/tools/bin/../lib/gcc/arm-none-eabi/13.3.1/../../../../arm-none-eabi/lib/thumb/v7e-m+fp/hard\libc_nano.a(libc_a-sbrkr.o)
 .debug_frame   0x00003188       0x58 C:/ST/STM32CubeIDE_1.18.0/STM32CubeIDE/plugins/com.st.stm32cube.ide.mcu.externaltools.gnu-tools-for-stm32.13.3.rel1.win32_1.0.0.202411081344/tools/bin/../lib/gcc/arm-none-eabi/13.3.1/../../../../arm-none-eabi/lib/thumb/v7e-m+fp/hard\libc_nano.a(libc_a-makebuf.o)