../Core/Src/main.c:26:5:main	8	static
../Core/Src/main.c:44:6:SysClk_config	72	static
../Core/Src/main.c:65:6:CAN1_init	8	static
../Core/Src/main.c:89:6:CAN1_Tx	48	static
../Core/Src/main.c:112:6:CAN1_Filter_init	48	static
../Core/Src/main.c:134:6:HAL_CAN_TxMailbox0CompleteCallback	16	static
../Core/Src/main.c:139:6:HAL_CAN_TxMailbox1CompleteCallback	16	static
../Core/Src/main.c:144:6:HAL_CAN_TxMailbox2CompleteCallback	16	static
../Core/Src/main.c:148:6:HAL_CAN_RxFifo0MsgPendingCallback	56	static
../Core/Src/main.c:160:6:HAL_CAN_ErrorCallback	16	static
../Core/Src/main.c:166:6:Error_Hanlder	4	static
