../Core/Src/main.c:28:5:main	8	static
../Core/Src/main.c:54:6:SysClk_config	72	static
../Core/Src/main.c:74:6:gpio_init	32	static
../Core/Src/main.c:97:6:CAN1_init	8	static
../Core/Src/main.c:123:6:CAN1_Tx	40	static
../Core/Src/main.c:151:6:CAN1_Filter_init	48	static
../Core/Src/main.c:172:6:HAL_CAN_RxFifo0FullCallback	24	static
../Core/Src/main.c:201:6:tim2_init	8	static
../Core/Src/main.c:214:6:HAL_TIM_PeriodElapsedCallback	48	static
../Core/Src/main.c:237:6:Led_Manage_output	16	static
../Core/Src/main.c:272:6:Send_Response	48	static
../Core/Src/main.c:287:6:Error_Handler	4	static
