22:23:07 **** Incremental Build of configuration Debug for project P_4_drivers ****
make -j4 all 
arm-none-eabi-gcc "../drivers/Src/stm32f411xx_i2c_driver.c" -mcpu=cortex-m4 -std=gnu11 -g3 -DDEBUG -DSTM32 -DSTM32F4 -DSTM32F411CEUx -c -I../Inc -I"D:/Cube_IDE_Workspace/P_4_drivers/BSP" -I"D:/Cube_IDE_Workspace/P_4_drivers/drivers/Src" -I"D:/Cube_IDE_Workspace/P_4_drivers/drivers/Inc" -O0 -ffunction-sections -fdata-sections -Wall -fstack-usage -fcyclomatic-complexity -MMD -MP -MF"drivers/Src/stm32f411xx_i2c_driver.d" -MT"drivers/Src/stm32f411xx_i2c_driver.o" --specs=nano.specs -mfloat-abi=hard -mthumb -o "drivers/Src/stm32f411xx_i2c_driver.o"
arm-none-eabi-gcc -o "P_4_drivers.elf" @"objects.list"   -mcpu=cortex-m4 -T"D:\Cube_IDE_Workspace\P_4_drivers\STM32F411CEUX_FLASH.ld" --specs=nosys.specs -Wl,-Map="P_4_drivers.map" -Wl,--gc-sections -static --specs=nano.specs -mfloat-abi=hard -mthumb -Wl,--start-group -lc -lm -Wl,--end-group
Finished building target: P_4_drivers.elf
 
arm-none-eabi-size  P_4_drivers.elf 
arm-none-eabi-objdump -h -S P_4_drivers.elf  > "P_4_drivers.list"
   text	   data	    bss	    dec	    hex	filename
   3772	     20	   1636	   5428	   1534	P_4_drivers.elf
Finished building: default.size.stdout
 
Finished building: P_4_drivers.list
 
