18:57:04 **** Incremental Build of configuration Debug for project P_19_BackupSRAMstandBy ****
make -j4 all 
arm-none-eabi-size  P_19_BackupSRAMstandBy.elf 
   text	   data	    bss	    dec	    hex	filename
   4740	     96	   1904	   6740	   1a54	P_19_BackupSRAMstandBy.elf
Finished building: default.size.stdout
 
18:57:26 **** Incremental Build of configuration Debug for project P_19_BackupSRAMstandBy ****
make -j4 all 
arm-none-eabi-size  P_19_BackupSRAMstandBy.elf 
   text	   data	    bss	    dec	    hex	filename
   4740	     96	   1904	   6740	   1a54	P_19_BackupSRAMstandBy.elf
Finished building: default.size.stdout
 
18:58:44 **** Incremental Build of configuration Debug for project P_19_BackupSRAMstandBy ****
make -j4 all 
arm-none-eabi-gcc "../Core/Src/syscalls.c" -mcpu=cortex-m4 -std=gnu11 -g3 -DDEBUG -DUSE_HAL_DRIVER -DSTM32F411xE -c -I../Core/Inc -I../Drivers/STM32F4xx_HAL_Driver/Inc -I../Drivers/STM32F4xx_HAL_Driver/Inc/Legacy -I../Drivers/CMSIS/Device/ST/STM32F4xx/Include -I../Drivers/CMSIS/Include -O0 -ffunction-sections -fdata-sections -Wall -fstack-usage -fcyclomatic-complexity -MMD -MP -MF"Core/Src/syscalls.d" -MT"Core/Src/syscalls.o" --specs=nano.specs -mfpu=fpv4-sp-d16 -mfloat-abi=hard -mthumb -o "Core/Src/syscalls.o"
arm-none-eabi-gcc -o "P_19_BackupSRAMstandBy.elf" @"objects.list"   -mcpu=cortex-m4 -T"D:\MUC2\P_19_BackupSRAMstandBy\STM32F411CEUX_FLASH.ld" --specs=nosys.specs -Wl,-Map="P_19_BackupSRAMstandBy.map" -Wl,--gc-sections -static --specs=nano.specs -mfpu=fpv4-sp-d16 -mfloat-abi=hard -mthumb -Wl,--start-group -lc -lm -Wl,--end-group
Finished building target: P_19_BackupSRAMstandBy.elf
 
arm-none-eabi-size  P_19_BackupSRAMstandBy.elf 
arm-none-eabi-objdump -h -S P_19_BackupSRAMstandBy.elf  > "P_19_BackupSRAMstandBy.list"
   text	   data	    bss	    dec	    hex	filename
   4820	     96	   1904	   6820	   1aa4	P_19_BackupSRAMstandBy.elf
Finished building: default.size.stdout
 
Finished building: P_19_BackupSRAMstandBy.list
 
18:59:18 **** Incremental Build of configuration Debug for project P_19_BackupSRAMstandBy ****
make -j4 all 
arm-none-eabi-size  P_19_BackupSRAMstandBy.elf 
   text	   data	    bss	    dec	    hex	filename
   4820	     96	   1904	   6820	   1aa4	P_19_BackupSRAMstandBy.elf
Finished building: default.size.stdout
 
18:59:40 **** Incremental Build of configuration Debug for project P_19_BackupSRAMstandBy ****
make -j4 all 
arm-none-eabi-size  P_19_BackupSRAMstandBy.elf 
   text	   data	    bss	    dec	    hex	filename
   4820	     96	   1904	   6820	   1aa4	P_19_BackupSRAMstandBy.elf
Finished building: default.size.stdout
 
19:00:03 **** Incremental Build of configuration Debug for project P_19_BackupSRAMstandBy ****
make -j4 all 
arm-none-eabi-size  P_19_BackupSRAMstandBy.elf 
   text	   data	    bss	    dec	    hex	filename
   4820	     96	   1904	   6820	   1aa4	P_19_BackupSRAMstandBy.elf
Finished building: default.size.stdout
 
19:00:16 **** Incremental Build of configuration Debug for project P_19_BackupSRAMstandBy ****
make -j4 all 
arm-none-eabi-size  P_19_BackupSRAMstandBy.elf 
   text	   data	    bss	    dec	    hex	filename
   4820	     96	   1904	   6820	   1aa4	P_19_BackupSRAMstandBy.elf
Finished building: default.size.stdout
 
19:00:24 **** Incremental Build of configuration Debug for project P_19_BackupSRAMstandBy ****
make -j4 all 
arm-none-eabi-size  P_19_BackupSRAMstandBy.elf 
   text	   data	    bss	    dec	    hex	filename
   4820	     96	   1904	   6820	   1aa4	P_19_BackupSRAMstandBy.elf
Finished building: default.size.stdout
 
19:01:54 **** Incremental Build of configuration Debug for project P_19_BackupSRAMstandBy ****
make -j4 all 
arm-none-eabi-gcc "../Core/Src/main.c" -mcpu=cortex-m4 -std=gnu11 -g3 -DDEBUG -DUSE_HAL_DRIVER -DSTM32F411xE -c -I../Core/Inc -I../Drivers/STM32F4xx_HAL_Driver/Inc -I../Drivers/STM32F4xx_HAL_Driver/Inc/Legacy -I../Drivers/CMSIS/Device/ST/STM32F4xx/Include -I../Drivers/CMSIS/Include -O0 -ffunction-sections -fdata-sections -Wall -fstack-usage -fcyclomatic-complexity -MMD -MP -MF"Core/Src/main.d" -MT"Core/Src/main.o" --specs=nano.specs -mfpu=fpv4-sp-d16 -mfloat-abi=hard -mthumb -o "Core/Src/main.o"
../Core/Src/main.c: In function 'GpioSwoInit':
../Core/Src/main.c:55:1: warning: multi-line comment [-Wcomment]
   55 | //      gpio_swo.Pin = GPIO_PIN_1 | GPIO_PIN_2  | GPIO_PIN_4 | GPIO_PIN_5 | GPIO_PIN_6 | \
      | ^
../Core/Src/main.c: In function 'button_init':
../Core/Src/main.c:78:1: warning: multi-line comment [-Wcomment]
   78 | //      button.Pin = GPIO_PIN_1 | GPIO_PIN_2 | GPIO_PIN_3 | GPIO_PIN_4 | GPIO_PIN_5 | GPIO_PIN_6 | \
      | ^
arm-none-eabi-gcc -o "P_19_BackupSRAMstandBy.elf" @"objects.list"   -mcpu=cortex-m4 -T"D:\MUC2\P_19_BackupSRAMstandBy\STM32F411CEUX_FLASH.ld" --specs=nosys.specs -Wl,-Map="P_19_BackupSRAMstandBy.map" -Wl,--gc-sections -static --specs=nano.specs -mfpu=fpv4-sp-d16 -mfloat-abi=hard -mthumb -Wl,--start-group -lc -lm -Wl,--end-group
Finished building target: P_19_BackupSRAMstandBy.elf
 
arm-none-eabi-size  P_19_BackupSRAMstandBy.elf 
arm-none-eabi-objdump -h -S P_19_BackupSRAMstandBy.elf  > "P_19_BackupSRAMstandBy.list"
   text	   data	    bss	    dec	    hex	filename
   4820	     96	   1904	   6820	   1aa4	P_19_BackupSRAMstandBy.elf
Finished building: default.size.stdout
 
Finished building: P_19_BackupSRAMstandBy.list
 
19:03:23 **** Incremental Build of configuration Debug for project P_19_BackupSRAMstandBy ****
make -j4 all 
arm-none-eabi-gcc "../Core/Src/main.c" -mcpu=cortex-m4 -std=gnu11 -g3 -DDEBUG -DUSE_HAL_DRIVER -DSTM32F411xE -c -I../Core/Inc -I../Drivers/STM32F4xx_HAL_Driver/Inc -I../Drivers/STM32F4xx_HAL_Driver/Inc/Legacy -I../Drivers/CMSIS/Device/ST/STM32F4xx/Include -I../Drivers/CMSIS/Include -O0 -ffunction-sections -fdata-sections -Wall -fstack-usage -fcyclomatic-complexity -MMD -MP -MF"Core/Src/main.d" -MT"Core/Src/main.o" --specs=nano.specs -mfpu=fpv4-sp-d16 -mfloat-abi=hard -mthumb -o "Core/Src/main.o"
../Core/Src/main.c: In function 'GpioSwoInit':
../Core/Src/main.c:56:1: warning: multi-line comment [-Wcomment]
   56 | //      gpio_swo.Pin = GPIO_PIN_1 | GPIO_PIN_2  | GPIO_PIN_4 | GPIO_PIN_5 | GPIO_PIN_6 | \
      | ^
../Core/Src/main.c: In function 'button_init':
../Core/Src/main.c:79:1: warning: multi-line comment [-Wcomment]
   79 | //      button.Pin = GPIO_PIN_1 | GPIO_PIN_2 | GPIO_PIN_3 | GPIO_PIN_4 | GPIO_PIN_5 | GPIO_PIN_6 | \
      | ^
arm-none-eabi-gcc -o "P_19_BackupSRAMstandBy.elf" @"objects.list"   -mcpu=cortex-m4 -T"D:\MUC2\P_19_BackupSRAMstandBy\STM32F411CEUX_FLASH.ld" --specs=nosys.specs -Wl,-Map="P_19_BackupSRAMstandBy.map" -Wl,--gc-sections -static --specs=nano.specs -mfpu=fpv4-sp-d16 -mfloat-abi=hard -mthumb -Wl,--start-group -lc -lm -Wl,--end-group
Finished building target: P_19_BackupSRAMstandBy.elf
 
arm-none-eabi-size  P_19_BackupSRAMstandBy.elf 
arm-none-eabi-objdump -h -S P_19_BackupSRAMstandBy.elf  > "P_19_BackupSRAMstandBy.list"
   text	   data	    bss	    dec	    hex	filename
   4920	     96	   1904	   6920	   1b08	P_19_BackupSRAMstandBy.elf
Finished building: default.size.stdout
 
Finished building: P_19_BackupSRAMstandBy.list
 
19:05:14 **** Incremental Build of configuration Debug for project P_19_BackupSRAMstandBy ****
make -j4 all 
arm-none-eabi-gcc "../Core/Src/main.c" -mcpu=cortex-m4 -std=gnu11 -g3 -DDEBUG -DUSE_HAL_DRIVER -DSTM32F411xE -c -I../Core/Inc -I../Drivers/STM32F4xx_HAL_Driver/Inc -I../Drivers/STM32F4xx_HAL_Driver/Inc/Legacy -I../Drivers/CMSIS/Device/ST/STM32F4xx/Include -I../Drivers/CMSIS/Include -O0 -ffunction-sections -fdata-sections -Wall -fstack-usage -fcyclomatic-complexity -MMD -MP -MF"Core/Src/main.d" -MT"Core/Src/main.o" --specs=nano.specs -mfpu=fpv4-sp-d16 -mfloat-abi=hard -mthumb -o "Core/Src/main.o"
../Core/Src/main.c: In function 'GpioSwoInit':
../Core/Src/main.c:56:1: warning: multi-line comment [-Wcomment]
   56 | //      gpio_swo.Pin = GPIO_PIN_1 | GPIO_PIN_2  | GPIO_PIN_4 | GPIO_PIN_5 | GPIO_PIN_6 | \
      | ^
../Core/Src/main.c: In function 'button_init':
../Core/Src/main.c:79:1: warning: multi-line comment [-Wcomment]
   79 | //      button.Pin = GPIO_PIN_1 | GPIO_PIN_2 | GPIO_PIN_3 | GPIO_PIN_4 | GPIO_PIN_5 | GPIO_PIN_6 | \
      | ^
arm-none-eabi-gcc -o "P_19_BackupSRAMstandBy.elf" @"objects.list"   -mcpu=cortex-m4 -T"D:\MUC2\P_19_BackupSRAMstandBy\STM32F411CEUX_FLASH.ld" --specs=nosys.specs -Wl,-Map="P_19_BackupSRAMstandBy.map" -Wl,--gc-sections -static --specs=nano.specs -mfpu=fpv4-sp-d16 -mfloat-abi=hard -mthumb -Wl,--start-group -lc -lm -Wl,--end-group
Finished building target: P_19_BackupSRAMstandBy.elf
 
arm-none-eabi-size  P_19_BackupSRAMstandBy.elf 
arm-none-eabi-objdump -h -S P_19_BackupSRAMstandBy.elf  > "P_19_BackupSRAMstandBy.list"
   text	   data	    bss	    dec	    hex	filename
   4820	     96	   1904	   6820	   1aa4	P_19_BackupSRAMstandBy.elf
Finished building: default.size.stdout
 
Finished building: P_19_BackupSRAMstandBy.list
 
23:03:50 **** Incremental Build of configuration Debug for project P_19_BackupSRAMstandBy ****
make -j4 all 
arm-none-eabi-size  P_19_BackupSRAMstandBy.elf 
   text	   data	    bss	    dec	    hex	filename
   4820	     96	   1904	   6820	   1aa4	P_19_BackupSRAMstandBy.elf
Finished building: default.size.stdout
 
23:04:09 **** Incremental Build of configuration Debug for project P_19_BackupSRAMstandBy ****
make -j4 all 
arm-none-eabi-size  P_19_BackupSRAMstandBy.elf 
   text	   data	    bss	    dec	    hex	filename
   4820	     96	   1904	   6820	   1aa4	P_19_BackupSRAMstandBy.elf
Finished building: default.size.stdout
 
23:09:47 **** Incremental Build of configuration Debug for project P_19_BackupSRAMstandBy ****
make -j4 all 
arm-none-eabi-size  P_19_BackupSRAMstandBy.elf 
   text	   data	    bss	    dec	    hex	filename
   4820	     96	   1904	   6820	   1aa4	P_19_BackupSRAMstandBy.elf
Finished building: default.size.stdout
 
23:24:27 **** Incremental Build of configuration Debug for project P_19_BackupSRAMstandBy ****
make -j4 all 
arm-none-eabi-size  P_19_BackupSRAMstandBy.elf 
   text	   data	    bss	    dec	    hex	filename
   4820	     96	   1904	   6820	   1aa4	P_19_BackupSRAMstandBy.elf
Finished building: default.size.stdout
 
23:31:30 **** Incremental Build of configuration Debug for project P_19_BackupSRAMstandBy ****
make -j4 all 
arm-none-eabi-gcc "../Core/Src/main.c" -mcpu=cortex-m4 -std=gnu11 -g3 -DDEBUG -DUSE_HAL_DRIVER -DSTM32F411xE -c -I../Core/Inc -I../Drivers/STM32F4xx_HAL_Driver/Inc -I../Drivers/STM32F4xx_HAL_Driver/Inc/Legacy -I../Drivers/CMSIS/Device/ST/STM32F4xx/Include -I../Drivers/CMSIS/Include -O0 -ffunction-sections -fdata-sections -Wall -fstack-usage -fcyclomatic-complexity -MMD -MP -MF"Core/Src/main.d" -MT"Core/Src/main.o" --specs=nano.specs -mfpu=fpv4-sp-d16 -mfloat-abi=hard -mthumb -o "Core/Src/main.o"
../Core/Src/main.c: In function 'GpioSwoInit':
../Core/Src/main.c:59:1: warning: multi-line comment [-Wcomment]
   59 | //      gpio_swo.Pin = GPIO_PIN_1 | GPIO_PIN_2  | GPIO_PIN_4 | GPIO_PIN_5 | GPIO_PIN_6 | \
      | ^
../Core/Src/main.c: In function 'button_init':
../Core/Src/main.c:82:1: warning: multi-line comment [-Wcomment]
   82 | //      button.Pin = GPIO_PIN_1 | GPIO_PIN_2 | GPIO_PIN_3 | GPIO_PIN_4 | GPIO_PIN_5 | GPIO_PIN_6 | \
      | ^
arm-none-eabi-gcc -o "P_19_BackupSRAMstandBy.elf" @"objects.list"   -mcpu=cortex-m4 -T"D:\MUC2\P_19_BackupSRAMstandBy\STM32F411CEUX_FLASH.ld" --specs=nosys.specs -Wl,-Map="P_19_BackupSRAMstandBy.map" -Wl,--gc-sections -static --specs=nano.specs -mfpu=fpv4-sp-d16 -mfloat-abi=hard -mthumb -Wl,--start-group -lc -lm -Wl,--end-group
Finished building target: P_19_BackupSRAMstandBy.elf
 
arm-none-eabi-size  P_19_BackupSRAMstandBy.elf 
arm-none-eabi-objdump -h -S P_19_BackupSRAMstandBy.elf  > "P_19_BackupSRAMstandBy.list"
   text	   data	    bss	    dec	    hex	filename
   4844	     96	   1904	   6844	   1abc	P_19_BackupSRAMstandBy.elf
Finished building: default.size.stdout
 
Finished building: P_19_BackupSRAMstandBy.list
 
23:40:16 **** Incremental Build of configuration Debug for project P_19_BackupSRAMstandBy ****
make -j4 all 
arm-none-eabi-size  P_19_BackupSRAMstandBy.elf 
   text	   data	    bss	    dec	    hex	filename
   4844	     96	   1904	   6844	   1abc	P_19_BackupSRAMstandBy.elf
Finished building: default.size.stdout
 
23:41:00 **** Incremental Build of configuration Debug for project P_19_BackupSRAMstandBy ****
make -j4 all 
arm-none-eabi-size  P_19_BackupSRAMstandBy.elf 
   text	   data	    bss	    dec	    hex	filename
   4844	     96	   1904	   6844	   1abc	P_19_BackupSRAMstandBy.elf
Finished building: default.size.stdout
 
23:41:29 **** Incremental Build of configuration Debug for project P_19_BackupSRAMstandBy ****
make -j4 all 
arm-none-eabi-size  P_19_BackupSRAMstandBy.elf 
   text	   data	    bss	    dec	    hex	filename
   4844	     96	   1904	   6844	   1abc	P_19_BackupSRAMstandBy.elf
Finished building: default.size.stdout
 
