09:03:27 **** Incremental Build of configuration Debug for project P_11_timers_PWM_led ****
make -j4 all 
arm-none-eabi-gcc "../Core/Src/main.c" -mcpu=cortex-m4 -std=gnu11 -g3 -DDEBUG -DUSE_HAL_DRIVER -DSTM32F411xE -c -I../Core/Inc -I../Drivers/STM32F4xx_HAL_Driver/Inc -I../Drivers/STM32F4xx_HAL_Driver/Inc/Legacy -I../Drivers/CMSIS/Device/ST/STM32F4xx/Include -I../Drivers/CMSIS/Include -O0 -ffunction-sections -fdata-sections -Wall -fstack-usage -fcyclomatic-complexity -MMD -MP -MF"Core/Src/main.d" -MT"Core/Src/main.o" --specs=nano.specs -mfpu=fpv4-sp-d16 -mfloat-abi=hard -mthumb -o "Core/Src/main.o"
arm-none-eabi-gcc -o "P_11_timers_PWM_led.elf" @"objects.list"   -mcpu=cortex-m4 -T"D:\MUC2\P_11_timers_PWM_led\STM32F411CEUX_FLASH.ld" --specs=nosys.specs -Wl,-Map="P_11_timers_PWM_led.map" -Wl,--gc-sections -static --specs=nano.specs -mfpu=fpv4-sp-d16 -mfloat-abi=hard -mthumb -Wl,--start-group -lc -lm -Wl,--end-group
Finished building target: P_11_timers_PWM_led.elf
 
arm-none-eabi-size  P_11_timers_PWM_led.elf 
arm-none-eabi-objdump -h -S P_11_timers_PWM_led.elf  > "P_11_timers_PWM_led.list"
   text	   data	    bss	    dec	    hex	filename
   7868	     12	   1644	   9524	   2534	P_11_timers_PWM_led.elf
Finished building: default.size.stdout
 
Finished building: P_11_timers_PWM_led.list
 

09:03:29 Build Finished. 0 errors, 0 warnings. (took 1s.271ms)

