23:26:21 **** Incremental Build of configuration Debug for project P_17_WFE ****
make -j4 all 
arm-none-eabi-gcc "../Core/Src/main.c" -mcpu=cortex-m4 -std=gnu11 -g3 -DDEBUG -DUSE_HAL_DRIVER -DSTM32F411xE -c -I../Core/Inc -I../Drivers/STM32F4xx_HAL_Driver/Inc -I../Drivers/STM32F4xx_HAL_Driver/Inc/Legacy -I../Drivers/CMSIS/Device/ST/STM32F4xx/Include -I../Drivers/CMSIS/Include -O0 -ffunction-sections -fdata-sections -Wall -fstack-usage -fcyclomatic-complexity -MMD -MP -MF"Core/Src/main.d" -MT"Core/Src/main.o" --specs=nano.specs -mfpu=fpv4-sp-d16 -mfloat-abi=hard -mthumb -o "Core/Src/main.o"
arm-none-eabi-gcc -o "P_17_WFE.elf" @"objects.list"   -mcpu=cortex-m4 -T"D:\MUC2\P_17_WFE\STM32F411CEUX_FLASH.ld" --specs=nosys.specs -Wl,-Map="P_17_WFE.map" -Wl,--gc-sections -static --specs=nano.specs -mfpu=fpv4-sp-d16 -mfloat-abi=hard -mthumb -Wl,--start-group -lc -lm -Wl,--end-group
Finished building target: P_17_WFE.elf
 
arm-none-eabi-size  P_17_WFE.elf 
arm-none-eabi-objdump -h -S P_17_WFE.elf  > "P_17_WFE.list"
   text	   data	    bss	    dec	    hex	filename
   5280	    104	   1904	   7288	   1c78	P_17_WFE.elf
Finished building: default.size.stdout
 
Finished building: P_17_WFE.list
 

23:26:21 Build Finished. 0 errors, 0 warnings. (took 770ms)

