18:52:15 **** Incremental Build of configuration Debug for project P_20_RTC_DateAndTime ****
make -j4 all 
arm-none-eabi-gcc "../Core/Src/main.c" -mcpu=cortex-m4 -std=gnu11 -g3 -DDEBUG -DUSE_HAL_DRIVER -DSTM32F411xE -c -I../Core/Inc -I../Drivers/STM32F4xx_HAL_Driver/Inc -I../Drivers/STM32F4xx_HAL_Driver/Inc/Legacy -I../Drivers/CMSIS/Device/ST/STM32F4xx/Include -I../Drivers/CMSIS/Include -O0 -ffunction-sections -fdata-sections -Wall -fstack-usage -fcyclomatic-complexity -MMD -MP -MF"Core/Src/main.d" -MT"Core/Src/main.o" --specs=nano.specs -mfpu=fpv4-sp-d16 -mfloat-abi=hard -mthumb -o "Core/Src/main.o"
arm-none-eabi-gcc -o "P_20_RTC_DateAndTime.elf" @"objects.list"   -mcpu=cortex-m4 -T"D:\MUC2\P_20_RTC_DateAndTime\STM32F411CEUX_FLASH.ld" --specs=nosys.specs -Wl,-Map="P_20_RTC_DateAndTime.map" -Wl,--gc-sections -static --specs=nano.specs -mfpu=fpv4-sp-d16 -mfloat-abi=hard -mthumb -Wl,--start-group -lc -lm -Wl,--end-group
Finished building target: P_20_RTC_DateAndTime.elf
 
arm-none-eabi-size  P_20_RTC_DateAndTime.elf 
arm-none-eabi-objdump -h -S P_20_RTC_DateAndTime.elf  > "P_20_RTC_DateAndTime.list"
   text	   data	    bss	    dec	    hex	filename
  10064	    104	   1936	  12104	   2f48	P_20_RTC_DateAndTime.elf
Finished building: default.size.stdout
 
Finished building: P_20_RTC_DateAndTime.list
 

18:52:16 Build Finished. 0 errors, 0 warnings. (took 829ms)

