10:43:03 **** Build of configuration Debug for project P_4_drivers ****
make -j4 all 
arm-none-eabi-gcc "../drivers/Src/stm32f411xx_gpio_driver.c" -mcpu=cortex-m4 -std=gnu11 -g3 -DDEBUG -DSTM32 -DSTM32F4 -DSTM32F411CEUx -c -I../Inc -I"D:/Cube_IDE_Workspace/P_4_drivers/BSP" -I"D:/Cube_IDE_Workspace/P_4_drivers/drivers/Src" -I"D:/Cube_IDE_Workspace/P_4_drivers/drivers/Inc" -O0 -ffunction-sections -fdata-sections -Wall -fstack-usage -fcyclomatic-complexity -MMD -MP -MF"drivers/Src/stm32f411xx_gpio_driver.d" -MT"drivers/Src/stm32f411xx_gpio_driver.o" --specs=nano.specs -mfloat-abi=hard -mthumb -o "drivers/Src/stm32f411xx_gpio_driver.o"
arm-none-eabi-gcc "../drivers/Src/stm32f411xx_i2c_driver.c" -mcpu=cortex-m4 -std=gnu11 -g3 -DDEBUG -DSTM32 -DSTM32F4 -DSTM32F411CEUx -c -I../Inc -I"D:/Cube_IDE_Workspace/P_4_drivers/BSP" -I"D:/Cube_IDE_Workspace/P_4_drivers/drivers/Src" -I"D:/Cube_IDE_Workspace/P_4_drivers/drivers/Inc" -O0 -ffunction-sections -fdata-sections -Wall -fstack-usage -fcyclomatic-complexity -MMD -MP -MF"drivers/Src/stm32f411xx_i2c_driver.d" -MT"drivers/Src/stm32f411xx_i2c_driver.o" --specs=nano.specs -mfloat-abi=hard -mthumb -o "drivers/Src/stm32f411xx_i2c_driver.o"
arm-none-eabi-gcc "../drivers/Src/stm32f411xx_rcc_driver.c" -mcpu=cortex-m4 -std=gnu11 -g3 -DDEBUG -DSTM32 -DSTM32F4 -DSTM32F411CEUx -c -I../Inc -I"D:/Cube_IDE_Workspace/P_4_drivers/BSP" -I"D:/Cube_IDE_Workspace/P_4_drivers/drivers/Src" -I"D:/Cube_IDE_Workspace/P_4_drivers/drivers/Inc" -O0 -ffunction-sections -fdata-sections -Wall -fstack-usage -fcyclomatic-complexity -MMD -MP -MF"drivers/Src/stm32f411xx_rcc_driver.d" -MT"drivers/Src/stm32f411xx_rcc_driver.o" --specs=nano.specs -mfloat-abi=hard -mthumb -o "drivers/Src/stm32f411xx_rcc_driver.o"
arm-none-eabi-gcc "../drivers/Src/stm32f411xx_spi_driver.c" -mcpu=cortex-m4 -std=gnu11 -g3 -DDEBUG -DSTM32 -DSTM32F4 -DSTM32F411CEUx -c -I../Inc -I"D:/Cube_IDE_Workspace/P_4_drivers/BSP" -I"D:/Cube_IDE_Workspace/P_4_drivers/drivers/Src" -I"D:/Cube_IDE_Workspace/P_4_drivers/drivers/Inc" -O0 -ffunction-sections -fdata-sections -Wall -fstack-usage -fcyclomatic-complexity -MMD -MP -MF"drivers/Src/stm32f411xx_spi_driver.d" -MT"drivers/Src/stm32f411xx_spi_driver.o" --specs=nano.specs -mfloat-abi=hard -mthumb -o "drivers/Src/stm32f411xx_spi_driver.o"
arm-none-eabi-gcc "../drivers/Src/stm32f411xx_usart_driver.c" -mcpu=cortex-m4 -std=gnu11 -g3 -DDEBUG -DSTM32 -DSTM32F4 -DSTM32F411CEUx -c -I../Inc -I"D:/Cube_IDE_Workspace/P_4_drivers/BSP" -I"D:/Cube_IDE_Workspace/P_4_drivers/drivers/Src" -I"D:/Cube_IDE_Workspace/P_4_drivers/drivers/Inc" -O0 -ffunction-sections -fdata-sections -Wall -fstack-usage -fcyclomatic-complexity -MMD -MP -MF"drivers/Src/stm32f411xx_usart_driver.d" -MT"drivers/Src/stm32f411xx_usart_driver.o" --specs=nano.specs -mfloat-abi=hard -mthumb -o "drivers/Src/stm32f411xx_usart_driver.o"
arm-none-eabi-gcc -mcpu=cortex-m4 -g3 -DDEBUG -c -x assembler-with-cpp -MMD -MP -MF"Startup/startup_stm32f411ceux.d" -MT"Startup/startup_stm32f411ceux.o" --specs=nano.specs -mfloat-abi=hard -mthumb -o "Startup/startup_stm32f411ceux.o" "../Startup/startup_stm32f411ceux.s"
arm-none-eabi-gcc "../Src/8_i2c_data_receive.c" -mcpu=cortex-m4 -std=gnu11 -g3 -DDEBUG -DSTM32 -DSTM32F4 -DSTM32F411CEUx -c -I../Inc -I"D:/Cube_IDE_Workspace/P_4_drivers/BSP" -I"D:/Cube_IDE_Workspace/P_4_drivers/drivers/Src" -I"D:/Cube_IDE_Workspace/P_4_drivers/drivers/Inc" -O0 -ffunction-sections -fdata-sections -Wall -fstack-usage -fcyclomatic-complexity -MMD -MP -MF"Src/8_i2c_data_receive.d" -MT"Src/8_i2c_data_receive.o" --specs=nano.specs -mfloat-abi=hard -mthumb -o "Src/8_i2c_data_receive.o"
../drivers/Src/stm32f411xx_usart_driver.c: In function 'USART_IRQHandling':
../drivers/Src/stm32f411xx_usart_driver.c:491:33: warning: variable 'temp3' set but not used [-Wunused-but-set-variable]
  491 |         uint32_t temp1 , temp2, temp3;
      |                                 ^~~~~
arm-none-eabi-gcc "../Src/syscalls.c" -mcpu=cortex-m4 -std=gnu11 -g3 -DDEBUG -DSTM32 -DSTM32F4 -DSTM32F411CEUx -c -I../Inc -I"D:/Cube_IDE_Workspace/P_4_drivers/BSP" -I"D:/Cube_IDE_Workspace/P_4_drivers/drivers/Src" -I"D:/Cube_IDE_Workspace/P_4_drivers/drivers/Inc" -O0 -ffunction-sections -fdata-sections -Wall -fstack-usage -fcyclomatic-complexity -MMD -MP -MF"Src/syscalls.d" -MT"Src/syscalls.o" --specs=nano.specs -mfloat-abi=hard -mthumb -o "Src/syscalls.o"
arm-none-eabi-gcc "../Src/sysmem.c" -mcpu=cortex-m4 -std=gnu11 -g3 -DDEBUG -DSTM32 -DSTM32F4 -DSTM32F411CEUx -c -I../Inc -I"D:/Cube_IDE_Workspace/P_4_drivers/BSP" -I"D:/Cube_IDE_Workspace/P_4_drivers/drivers/Src" -I"D:/Cube_IDE_Workspace/P_4_drivers/drivers/Inc" -O0 -ffunction-sections -fdata-sections -Wall -fstack-usage -fcyclomatic-complexity -MMD -MP -MF"Src/sysmem.d" -MT"Src/sysmem.o" --specs=nano.specs -mfloat-abi=hard -mthumb -o "Src/sysmem.o"
arm-none-eabi-gcc "../BSP/LCD.c" -mcpu=cortex-m4 -std=gnu11 -g3 -DDEBUG -DSTM32 -DSTM32F4 -DSTM32F411CEUx -c -I../Inc -I"D:/Cube_IDE_Workspace/P_4_drivers/BSP" -I"D:/Cube_IDE_Workspace/P_4_drivers/drivers/Src" -I"D:/Cube_IDE_Workspace/P_4_drivers/drivers/Inc" -O0 -ffunction-sections -fdata-sections -Wall -fstack-usage -fcyclomatic-complexity -MMD -MP -MF"BSP/LCD.d" -MT"BSP/LCD.o" --specs=nano.specs -mfloat-abi=hard -mthumb -o "BSP/LCD.o"
arm-none-eabi-gcc "../BSP/ds1307.c" -mcpu=cortex-m4 -std=gnu11 -g3 -DDEBUG -DSTM32 -DSTM32F4 -DSTM32F411CEUx -c -I../Inc -I"D:/Cube_IDE_Workspace/P_4_drivers/BSP" -I"D:/Cube_IDE_Workspace/P_4_drivers/drivers/Src" -I"D:/Cube_IDE_Workspace/P_4_drivers/drivers/Inc" -O0 -ffunction-sections -fdata-sections -Wall -fstack-usage -fcyclomatic-complexity -MMD -MP -MF"BSP/ds1307.d" -MT"BSP/ds1307.o" --specs=nano.specs -mfloat-abi=hard -mthumb -o "BSP/ds1307.o"
arm-none-eabi-gcc -o "P_4_drivers.elf" @"objects.list"   -mcpu=cortex-m4 -T"D:\Cube_IDE_Workspace\P_4_drivers\STM32F411CEUX_FLASH.ld" --specs=nosys.specs -Wl,-Map="P_4_drivers.map" -Wl,--gc-sections -static --specs=nano.specs -mfloat-abi=hard -mthumb -Wl,--start-group -lc -lm -Wl,--end-group
Finished building target: P_4_drivers.elf
 
arm-none-eabi-size  P_4_drivers.elf 
arm-none-eabi-objdump -h -S P_4_drivers.elf  > "P_4_drivers.list"
   text	   data	    bss	    dec	    hex	filename
   3772	     20	   1636	   5428	   1534	P_4_drivers.elf
Finished building: default.size.stdout
 
Finished building: P_4_drivers.list
 

10:43:04 Build Finished. 0 errors, 1 warnings. (took 1s.438ms)

