10:43:05 **** Build of configuration Debug for project P_5_clocks_n_oscs_pll_hse ****
make -j4 all 
arm-none-eabi-gcc "../Core/Src/main.c" -mcpu=cortex-m4 -std=gnu11 -g3 -DDEBUG -DUSE_HAL_DRIVER -DSTM32F411xE -c -I../Core/Inc -I../Drivers/STM32F4xx_HAL_Driver/Inc -I../Drivers/STM32F4xx_HAL_Driver/Inc/Legacy -I../Drivers/CMSIS/Device/ST/STM32F4xx/Include -I../Drivers/CMSIS/Include -O0 -ffunction-sections -fdata-sections -Wall -fstack-usage -fcyclomatic-complexity -MMD -MP -MF"Core/Src/main.d" -MT"Core/Src/main.o" --specs=nano.specs -mfpu=fpv4-sp-d16 -mfloat-abi=hard -mthumb -o "Core/Src/main.o"
arm-none-eabi-gcc -o "P_5_clocks_n_oscs_pll_hse.elf" @"objects.list"   -mcpu=cortex-m4 -T"D:\MUC2\P_5_clocks_n_oscs_pll_hse\STM32F411CEUX_FLASH.ld" --specs=nosys.specs -Wl,-Map="P_5_clocks_n_oscs_pll_hse.map" -Wl,--gc-sections -static --specs=nano.specs -mfpu=fpv4-sp-d16 -mfloat-abi=hard -mthumb -Wl,--start-group -lc -lm -Wl,--end-group
Finished building target: P_5_clocks_n_oscs_pll_hse.elf
 
arm-none-eabi-size  P_5_clocks_n_oscs_pll_hse.elf 
arm-none-eabi-objdump -h -S P_5_clocks_n_oscs_pll_hse.elf  > "P_5_clocks_n_oscs_pll_hse.list"
   text	   data	    bss	    dec	    hex	filename
   9904	    104	   1904	  11912	   2e88	P_5_clocks_n_oscs_pll_hse.elf
Finished building: default.size.stdout
 
Finished building: P_5_clocks_n_oscs_pll_hse.list
 

10:43:06 Build Finished. 0 errors, 0 warnings. (took 964ms)

