09:14:55 **** Build of configuration Debug for project P_8_timers_Input_capture ****
make -j4 all 
arm-none-eabi-gcc "../Core/Src/main.c" -mcpu=cortex-m4 -std=gnu11 -g3 -DDEBUG -DUSE_HAL_DRIVER -DSTM32F411xE -c -I../Core/Inc -I../Drivers/STM32F4xx_HAL_Driver/Inc -I../Drivers/STM32F4xx_HAL_Driver/Inc/Legacy -I../Drivers/CMSIS/Device/ST/STM32F4xx/Include -I../Drivers/CMSIS/Include -O0 -ffunction-sections -fdata-sections -Wall -fstack-usage -fcyclomatic-complexity -MMD -MP -MF"Core/Src/main.d" -MT"Core/Src/main.o" --specs=nano.specs -mfpu=fpv4-sp-d16 -mfloat-abi=hard -mthumb -o "Core/Src/main.o"
arm-none-eabi-gcc -o "P_8_timers_Input_capture.elf" @"objects.list"   -mcpu=cortex-m4 -T"D:\MUC2\P_8_timers_Input_capture\STM32F411CEUX_FLASH.ld" --specs=nosys.specs -Wl,-Map="P_8_timers_Input_capture.map" -Wl,--gc-sections -static --specs=nano.specs -mfpu=fpv4-sp-d16 -mfloat-abi=hard -mthumb -u _printf_float -Wl,--start-group -lc -lm -Wl,--end-group
Finished building target: P_8_timers_Input_capture.elf
 
arm-none-eabi-size  P_8_timers_Input_capture.elf 
arm-none-eabi-objdump -h -S P_8_timers_Input_capture.elf  > "P_8_timers_Input_capture.list"
   text	   data	    bss	    dec	    hex	filename
  23520	    472	   1992	  25984	   6580	P_8_timers_Input_capture.elf
Finished building: default.size.stdout
 
Finished building: P_8_timers_Input_capture.list
 

09:14:57 Build Finished. 0 errors, 0 warnings. (took 1s.585ms)

