18:17:12 **** Incremental Build of configuration Debug for project P_9_timers_output_compare ****
make -j4 all 
arm-none-eabi-gcc "../Core/Src/main.c" -mcpu=cortex-m4 -std=gnu11 -g3 -DDEBUG -DUSE_HAL_DRIVER -DSTM32F411xE -c -I../Core/Inc -I../Drivers/STM32F4xx_HAL_Driver/Inc -I../Drivers/STM32F4xx_HAL_Driver/Inc/Legacy -I../Drivers/CMSIS/Device/ST/STM32F4xx/Include -I../Drivers/CMSIS/Include -O0 -ffunction-sections -fdata-sections -Wall -fstack-usage -fcyclomatic-complexity -MMD -MP -MF"Core/Src/main.d" -MT"Core/Src/main.o" --specs=nano.specs -mfpu=fpv4-sp-d16 -mfloat-abi=hard -mthumb -o "Core/Src/main.o"
arm-none-eabi-gcc -o "P_9_timers_output_compare.elf" @"objects.list"   -mcpu=cortex-m4 -T"D:\MUC2\P_9_timers_output_compare\STM32F411CEUX_FLASH.ld" --specs=nosys.specs -Wl,-Map="P_9_timers_output_compare.map" -Wl,--gc-sections -static --specs=nano.specs -mfpu=fpv4-sp-d16 -mfloat-abi=hard -mthumb -Wl,--start-group -lc -lm -Wl,--end-group
Finished building target: P_9_timers_output_compare.elf
 
arm-none-eabi-size  P_9_timers_output_compare.elf 
arm-none-eabi-objdump -h -S P_9_timers_output_compare.elf  > "P_9_timers_output_compare.list"
   text	   data	    bss	    dec	    hex	filename
  13140	    120	   1984	  15244	   3b8c	P_9_timers_output_compare.elf
Finished building: default.size.stdout
 
Finished building: P_9_timers_output_compare.list
 

18:17:13 Build Finished. 0 errors, 0 warnings. (took 1s.501ms)

